Archive member included to satisfy reference by file (symbol)

/Users/mostafa/.platformio/packages/toolchain-gccarmnoneeabi@1.70201.0/bin/../lib/gcc/arm-none-eabi/7.2.1/thumb/v7e-m/libgcc.a(_arm_addsubdf3.o)
                              .pio/build/f446re_rework/src/Src/hw.o (__aeabi_dsub)
/Users/mostafa/.platformio/packages/toolchain-gccarmnoneeabi@1.70201.0/bin/../lib/gcc/arm-none-eabi/7.2.1/thumb/v7e-m/libgcc.a(_arm_muldivdf3.o)
                              .pio/build/f446re_rework/src/Src/pid.o (__aeabi_dmul)
/Users/mostafa/.platformio/packages/toolchain-gccarmnoneeabi@1.70201.0/bin/../lib/gcc/arm-none-eabi/7.2.1/thumb/v7e-m/libgcc.a(_arm_fixdfsi.o)
                              .pio/build/f446re_rework/src/Src/pid.o (__aeabi_d2iz)
/Users/mostafa/.platformio/packages/toolchain-gccarmnoneeabi@1.70201.0/bin/../lib/gcc/arm-none-eabi/7.2.1/thumb/v7e-m/libgcc.a(_arm_fixunsdfsi.o)
                              .pio/build/f446re_rework/src/Src/stat.o (__aeabi_d2uiz)
/Users/mostafa/.platformio/packages/toolchain-gccarmnoneeabi@1.70201.0/bin/../lib/gcc/arm-none-eabi/7.2.1/thumb/v7e-m/libgcc.a(_arm_truncdfsf2.o)
                              .pio/build/f446re_rework/src/Src/hw.o (__aeabi_d2f)
/Users/mostafa/.platformio/packages/toolchain-gccarmnoneeabi@1.70201.0/bin/../lib/gcc/arm-none-eabi/7.2.1/thumb/v7e-m/libgcc.a(_arm_addsubsf3.o)
                              .pio/build/f446re_rework/src/Src/display.o (__aeabi_fsub)
/Users/mostafa/.platformio/packages/toolchain-gccarmnoneeabi@1.70201.0/bin/../lib/gcc/arm-none-eabi/7.2.1/thumb/v7e-m/libgcc.a(_arm_muldivsf3.o)
                              .pio/build/f446re_rework/src/Src/display.o (__aeabi_fmul)
/Users/mostafa/.platformio/packages/toolchain-gccarmnoneeabi@1.70201.0/bin/../lib/gcc/arm-none-eabi/7.2.1/thumb/v7e-m/libgcc.a(_arm_fixsfsi.o)
                              .pio/build/f446re_rework/src/Src/display.o (__aeabi_f2iz)
/Users/mostafa/.platformio/packages/toolchain-gccarmnoneeabi@1.70201.0/bin/../lib/gcc/arm-none-eabi/7.2.1/thumb/v7e-m/libgcc.a(_aeabi_ldivmod.o)
                              .pio/build/f446re_rework/FrameworkHALDriver/Src/stm32f4xx_hal_rcc.o (__aeabi_ldivmod)
/Users/mostafa/.platformio/packages/toolchain-gccarmnoneeabi@1.70201.0/bin/../lib/gcc/arm-none-eabi/7.2.1/thumb/v7e-m/libgcc.a(_aeabi_uldivmod.o)
                              .pio/build/f446re_rework/FrameworkHALDriver/Src/stm32f4xx_hal_rcc.o (__aeabi_uldivmod)
/Users/mostafa/.platformio/packages/toolchain-gccarmnoneeabi@1.70201.0/bin/../lib/gcc/arm-none-eabi/7.2.1/thumb/v7e-m/libgcc.a(_udivmoddi4.o)
                              /Users/mostafa/.platformio/packages/toolchain-gccarmnoneeabi@1.70201.0/bin/../lib/gcc/arm-none-eabi/7.2.1/thumb/v7e-m/libgcc.a(_aeabi_ldivmod.o) (__udivmoddi4)
/Users/mostafa/.platformio/packages/toolchain-gccarmnoneeabi@1.70201.0/bin/../lib/gcc/arm-none-eabi/7.2.1/thumb/v7e-m/libgcc.a(_dvmd_tls.o)
                              /Users/mostafa/.platformio/packages/toolchain-gccarmnoneeabi@1.70201.0/bin/../lib/gcc/arm-none-eabi/7.2.1/thumb/v7e-m/libgcc.a(_aeabi_ldivmod.o) (__aeabi_ldiv0)
/Users/mostafa/.platformio/packages/toolchain-gccarmnoneeabi@1.70201.0/bin/../lib/gcc/arm-none-eabi/7.2.1/../../../../arm-none-eabi/lib/thumb/v7e-m/libstdc++_nano.a(atexit_arm.o)
                              .pio/build/f446re_rework/src/Src/core.o (__aeabi_atexit)
/Users/mostafa/.platformio/packages/toolchain-gccarmnoneeabi@1.70201.0/bin/../lib/gcc/arm-none-eabi/7.2.1/../../../../arm-none-eabi/lib/thumb/v7e-m/libstdc++_nano.a(del_op.o)
                              .pio/build/f446re_rework/src/Src/core.o (operator delete(void*))
/Users/mostafa/.platformio/packages/toolchain-gccarmnoneeabi@1.70201.0/bin/../lib/gcc/arm-none-eabi/7.2.1/../../../../arm-none-eabi/lib/thumb/v7e-m/libstdc++_nano.a(del_ops.o)
                              .pio/build/f446re_rework/src/Src/core.o (operator delete(void*, unsigned int))
/Users/mostafa/.platformio/packages/toolchain-gccarmnoneeabi@1.70201.0/bin/../lib/gcc/arm-none-eabi/7.2.1/../../../../arm-none-eabi/lib/thumb/v7e-m/libstdc++_nano.a(new_op.o)
                              .pio/build/f446re_rework/src/Src/core.o (operator new(unsigned int))
/Users/mostafa/.platformio/packages/toolchain-gccarmnoneeabi@1.70201.0/bin/../lib/gcc/arm-none-eabi/7.2.1/../../../../arm-none-eabi/lib/thumb/v7e-m/libstdc++_nano.a(pure.o)
                              .pio/build/f446re_rework/src/Src/core.o (__cxa_pure_virtual)
/Users/mostafa/.platformio/packages/toolchain-gccarmnoneeabi@1.70201.0/bin/../lib/gcc/arm-none-eabi/7.2.1/../../../../arm-none-eabi/lib/thumb/v7e-m/libstdc++_nano.a(functexcept.o)
                              .pio/build/f446re_rework/src/Src/jsoncfg.o (std::__throw_bad_alloc())
/Users/mostafa/.platformio/packages/toolchain-gccarmnoneeabi@1.70201.0/bin/../lib/gcc/arm-none-eabi/7.2.1/../../../../arm-none-eabi/lib/thumb/v7e-m/libstdc++_nano.a(snprintf_lite.o)
[...]
Memory Configuration

Name             Origin             Length             Attributes
RAM              0x0000000020000000 0x0000000000020000 xrw
FLASH            0x0000000008000000 0x0000000000080000 xr
*default*        0x0000000000000000 0xffffffffffffffff

Linker script and memory map

LOAD /Users/mostafa/.platformio/packages/toolchain-gccarmnoneeabi@1.70201.0/bin/../lib/gcc/arm-none-eabi/7.2.1/thumb/v7e-m/crti.o
LOAD /Users/mostafa/.platformio/packages/toolchain-gccarmnoneeabi@1.70201.0/bin/../lib/gcc/arm-none-eabi/7.2.1/thumb/v7e-m/crtbegin.o
LOAD /Users/mostafa/.platformio/packages/toolchain-gccarmnoneeabi@1.70201.0/bin/../lib/gcc/arm-none-eabi/7.2.1/../../../../arm-none-eabi/lib/thumb/v7e-m/crt0.o
LOAD .pio/build/f446re_rework/FrameworkHALDriver/Src/stm32f4xx_hal.o
LOAD .pio/build/f446re_rework/FrameworkHALDriver/Src/stm32f4xx_hal_adc.o
LOAD .pio/build/f446re_rework/FrameworkHALDriver/Src/stm32f4xx_hal_adc_ex.o
LOAD .pio/build/f446re_rework/FrameworkHALDriver/Src/stm32f4xx_hal_can.o
LOAD .pio/build/f446re_rework/FrameworkHALDriver/Src/stm32f4xx_hal_cec.o
LOAD .pio/build/f446re_rework/FrameworkHALDriver/Src/stm32f4xx_hal_cortex.o
LOAD .pio/build/f446re_rework/FrameworkHALDriver/Src/stm32f4xx_hal_crc.o
LOAD .pio/build/f446re_rework/FrameworkHALDriver/Src/stm32f4xx_hal_cryp.o
LOAD .pio/build/f446re_rework/FrameworkHALDriver/Src/stm32f4xx_hal_cryp_ex.o
LOAD .pio/build/f446re_rework/FrameworkHALDriver/Src/stm32f4xx_hal_dac.o
LOAD .pio/build/f446re_rework/FrameworkHALDriver/Src/stm32f4xx_hal_dac_ex.o
LOAD .pio/build/f446re_rework/FrameworkHALDriver/Src/stm32f4xx_hal_dcmi.o
LOAD .pio/build/f446re_rework/FrameworkHALDriver/Src/stm32f4xx_hal_dcmi_ex.o
LOAD .pio/build/f446re_rework/FrameworkHALDriver/Src/stm32f4xx_hal_dfsdm.o
LOAD .pio/build/f446re_rework/FrameworkHALDriver/Src/stm32f4xx_hal_dma.o
LOAD .pio/build/f446re_rework/FrameworkHALDriver/Src/stm32f4xx_hal_dma2d.o
LOAD .pio/build/f446re_rework/FrameworkHALDriver/Src/stm32f4xx_hal_dma_ex.o
LOAD .pio/build/f446re_rework/FrameworkHALDriver/Src/stm32f4xx_hal_dsi.o
LOAD .pio/build/f446re_rework/FrameworkHALDriver/Src/stm32f4xx_hal_eth.o
LOAD .pio/build/f446re_rework/FrameworkHALDriver/Src/stm32f4xx_hal_exti.o
LOAD .pio/build/f446re_rework/FrameworkHALDriver/Src/stm32f4xx_hal_flash.o
LOAD .pio/build/f446re_rework/FrameworkHALDriver/Src/stm32f4xx_hal_flash_ex.o
LOAD .pio/build/f446re_rework/FrameworkHALDriver/Src/stm32f4xx_hal_flash_ramfunc.o
LOAD .pio/build/f446re_rework/FrameworkHALDriver/Src/stm32f4xx_hal_fmpi2c.o
LOAD .pio/build/f446re_rework/FrameworkHALDriver/Src/stm32f4xx_hal_fmpi2c_ex.o
LOAD .pio/build/f446re_rework/FrameworkHALDriver/Src/stm32f4xx_hal_fmpsmbus.o
LOAD .pio/build/f446re_rework/FrameworkHALDriver/Src/stm32f4xx_hal_fmpsmbus_ex.o
LOAD .pio/build/f446re_rework/FrameworkHALDriver/Src/stm32f4xx_hal_gpio.o
LOAD .pio/build/f446re_rework/FrameworkHALDriver/Src/stm32f4xx_hal_hash.o
LOAD .pio/build/f446re_rework/FrameworkHALDriver/Src/stm32f4xx_hal_hash_ex.o
LOAD .pio/build/f446re_rework/FrameworkHALDriver/Src/stm32f4xx_hal_hcd.o
LOAD .pio/build/f446re_rework/FrameworkHALDriver/Src/stm32f4xx_hal_i2c.o
LOAD .pio/build/f446re_rework/FrameworkHALDriver/Src/stm32f4xx_hal_i2c_ex.o
LOAD .pio/build/f446re_rework/FrameworkHALDriver/Src/stm32f4xx_hal_i2s.o
LOAD .pio/build/f446re_rework/FrameworkHALDriver/Src/stm32f4xx_hal_i2s_ex.o
LOAD .pio/build/f446re_rework/FrameworkHALDriver/Src/stm32f4xx_hal_irda.o
LOAD .pio/build/f446re_rework/FrameworkHALDriver/Src/stm32f4xx_hal_iwdg.o
LOAD .pio/build/f446re_rework/FrameworkHALDriver/Src/stm32f4xx_hal_lptim.o
LOAD .pio/build/f446re_rework/FrameworkHALDriver/Src/stm32f4xx_hal_ltdc.o
LOAD .pio/build/f446re_rework/FrameworkHALDriver/Src/stm32f4xx_hal_ltdc_ex.o
LOAD .pio/build/f446re_rework/FrameworkHALDriver/Src/stm32f4xx_hal_mmc.o
LOAD .pio/build/f446re_rework/FrameworkHALDriver/Src/stm32f4xx_hal_nand.o
LOAD .pio/build/f446re_rework/FrameworkHALDriver/Src/stm32f4xx_hal_nor.o
LOAD .pio/build/f446re_rework/FrameworkHALDriver/Src/stm32f4xx_hal_pccard.o
LOAD .pio/build/f446re_rework/FrameworkHALDriver/Src/stm32f4xx_hal_pcd.o
LOAD .pio/build/f446re_rework/FrameworkHALDriver/Src/stm32f4xx_hal_pcd_ex.o
LOAD .pio/build/f446re_rework/FrameworkHALDriver/Src/stm32f4xx_hal_pwr.o
LOAD .pio/build/f446re_rework/FrameworkHALDriver/Src/stm32f4xx_hal_pwr_ex.o
LOAD .pio/build/f446re_rework/FrameworkHALDriver/Src/stm32f4xx_hal_qspi.o
LOAD .pio/build/f446re_rework/FrameworkHALDriver/Src/stm32f4xx_hal_rcc.o
LOAD .pio/build/f446re_rework/FrameworkHALDriver/Src/stm32f4xx_hal_rcc_ex.o
LOAD .pio/build/f446re_rework/FrameworkHALDriver/Src/stm32f4xx_hal_rng.o
LOAD .pio/build/f446re_rework/FrameworkHALDriver/Src/stm32f4xx_hal_rtc.o
LOAD .pio/build/f446re_rework/FrameworkHALDriver/Src/stm32f4xx_hal_rtc_ex.o
LOAD .pio/build/f446re_rework/FrameworkHALDriver/Src/stm32f4xx_hal_sai.o
LOAD .pio/build/f446re_rework/FrameworkHALDriver/Src/stm32f4xx_hal_sai_ex.o
LOAD .pio/build/f446re_rework/FrameworkHALDriver/Src/stm32f4xx_hal_sd.o
LOAD .pio/build/f446re_rework/FrameworkHALDriver/Src/stm32f4xx_hal_sdram.o
LOAD .pio/build/f446re_rework/FrameworkHALDriver/Src/stm32f4xx_hal_smartcard.o
LOAD .pio/build/f446re_rework/FrameworkHALDriver/Src/stm32f4xx_hal_smbus.o
LOAD .pio/build/f446re_rework/FrameworkHALDriver/Src/stm32f4xx_hal_spdifrx.o
LOAD .pio/build/f446re_rework/FrameworkHALDriver/Src/stm32f4xx_hal_spi.o
LOAD .pio/build/f446re_rework/FrameworkHALDriver/Src/stm32f4xx_hal_sram.o
LOAD .pio/build/f446re_rework/FrameworkHALDriver/Src/stm32f4xx_hal_tim.o
LOAD .pio/build/f446re_rework/FrameworkHALDriver/Src/stm32f4xx_hal_tim_ex.o
LOAD .pio/build/f446re_rework/FrameworkHALDriver/Src/stm32f4xx_hal_uart.o
LOAD .pio/build/f446re_rework/FrameworkHALDriver/Src/stm32f4xx_hal_usart.o
LOAD .pio/build/f446re_rework/FrameworkHALDriver/Src/stm32f4xx_hal_wwdg.o
LOAD .pio/build/f446re_rework/FrameworkHALDriver/Src/stm32f4xx_ll_adc.o
LOAD .pio/build/f446re_rework/FrameworkHALDriver/Src/stm32f4xx_ll_crc.o
LOAD .pio/build/f446re_rework/FrameworkHALDriver/Src/stm32f4xx_ll_dac.o
LOAD .pio/build/f446re_rework/FrameworkHALDriver/Src/stm32f4xx_ll_dma.o
LOAD .pio/build/f446re_rework/FrameworkHALDriver/Src/stm32f4xx_ll_dma2d.o
LOAD .pio/build/f446re_rework/FrameworkHALDriver/Src/stm32f4xx_ll_exti.o
LOAD .pio/build/f446re_rework/FrameworkHALDriver/Src/stm32f4xx_ll_fmc.o
LOAD .pio/build/f446re_rework/FrameworkHALDriver/Src/stm32f4xx_ll_fmpi2c.o
LOAD .pio/build/f446re_rework/FrameworkHALDriver/Src/stm32f4xx_ll_fsmc.o
LOAD .pio/build/f446re_rework/FrameworkHALDriver/Src/stm32f4xx_ll_gpio.o
LOAD .pio/build/f446re_rework/FrameworkHALDriver/Src/stm32f4xx_ll_i2c.o
LOAD .pio/build/f446re_rework/FrameworkHALDriver/Src/stm32f4xx_ll_lptim.o
LOAD .pio/build/f446re_rework/FrameworkHALDriver/Src/stm32f4xx_ll_pwr.o
LOAD .pio/build/f446re_rework/FrameworkHALDriver/Src/stm32f4xx_ll_rcc.o
LOAD .pio/build/f446re_rework/FrameworkHALDriver/Src/stm32f4xx_ll_rng.o
LOAD .pio/build/f446re_rework/FrameworkHALDriver/Src/stm32f4xx_ll_rtc.o
LOAD .pio/build/f446re_rework/FrameworkHALDriver/Src/stm32f4xx_ll_sdmmc.o
LOAD .pio/build/f446re_rework/FrameworkHALDriver/Src/stm32f4xx_ll_spi.o
LOAD .pio/build/f446re_rework/FrameworkHALDriver/Src/stm32f4xx_ll_tim.o
LOAD .pio/build/f446re_rework/FrameworkHALDriver/Src/stm32f4xx_ll_usart.o
LOAD .pio/build/f446re_rework/FrameworkHALDriver/Src/stm32f4xx_ll_usb.o
LOAD .pio/build/f446re_rework/FrameworkHALDriver/Src/stm32f4xx_ll_utils.o
LOAD .pio/build/f446re_rework/src/FatFS/diskio.o
LOAD .pio/build/f446re_rework/src/FatFS/ff.o
LOAD .pio/build/f446re_rework/src/FatFS/ffsystem.o
LOAD .pio/build/f446re_rework/src/FatFS/ffunicode.o
LOAD .pio/build/f446re_rework/src/JSON_PARSER/JsonParser.o
LOAD .pio/build/f446re_rework/src/SD_SPI/sdspi.o
LOAD .pio/build/f446re_rework/src/Src/buzzer.o
LOAD .pio/build/f446re_rework/src/Src/config.o
LOAD .pio/build/f446re_rework/src/Src/core.o
LOAD .pio/build/f446re_rework/src/Src/dash.o
LOAD .pio/build/f446re_rework/src/Src/display.o
LOAD .pio/build/f446re_rework/src/Src/encoder.o
LOAD .pio/build/f446re_rework/src/Src/flash.o
LOAD .pio/build/f446re_rework/src/Src/font.o
LOAD .pio/build/f446re_rework/src/Src/graph.o
LOAD .pio/build/f446re_rework/src/Src/gun.o
LOAD .pio/build/f446re_rework/src/Src/hw.o
LOAD .pio/build/f446re_rework/src/Src/iron.o
LOAD .pio/build/f446re_rework/src/Src/iron_tips.o
LOAD .pio/build/f446re_rework/src/Src/jsoncfg.o
LOAD .pio/build/f446re_rework/src/Src/main.o
LOAD .pio/build/f446re_rework/src/Src/menu.o
LOAD .pio/build/f446re_rework/src/Src/mode.o
LOAD .pio/build/f446re_rework/src/Src/nls.o
LOAD .pio/build/f446re_rework/src/Src/nls_cfg.o
LOAD .pio/build/f446re_rework/src/Src/pid.o
LOAD .pio/build/f446re_rework/src/Src/sdload.o
LOAD .pio/build/f446re_rework/src/Src/stat.o
LOAD .pio/build/f446re_rework/src/Src/stm32f4xx_hal_msp.o
LOAD .pio/build/f446re_rework/src/Src/stm32f4xx_it.o
LOAD .pio/build/f446re_rework/src/Src/syscalls.o
LOAD .pio/build/f446re_rework/src/Src/sysmem.o
LOAD .pio/build/f446re_rework/src/Src/tools.o
LOAD .pio/build/f446re_rework/src/Src/unit.o
LOAD .pio/build/f446re_rework/src/Src/vars.o
LOAD .pio/build/f446re_rework/src/Src/work_mode.o
LOAD .pio/build/f446re_rework/src/TFT/ILI9341.o
LOAD .pio/build/f446re_rework/src/TFT/ILI9488.o
LOAD .pio/build/f446re_rework/src/TFT/NT35510.o
LOAD .pio/build/f446re_rework/src/TFT/SSD1963.o
LOAD .pio/build/f446re_rework/src/TFT/ST7735.o
LOAD .pio/build/f446re_rework/src/TFT/ST7796.o
LOAD .pio/build/f446re_rework/src/TFT/bitmap.o
LOAD .pio/build/f446re_rework/src/TFT/common.o
LOAD .pio/build/f446re_rework/src/TFT/gamma.o
LOAD .pio/build/f446re_rework/src/TFT/interface.o
LOAD .pio/build/f446re_rework/src/TFT/ll_fsmc.o
LOAD .pio/build/f446re_rework/src/TFT/ll_spi.o
LOAD .pio/build/f446re_rework/src/TFT/pictute.o
LOAD .pio/build/f446re_rework/src/TFT/pixmap.o
LOAD .pio/build/f446re_rework/src/TFT/region.o
LOAD .pio/build/f446re_rework/src/TFT/thick_line.o
LOAD .pio/build/f446re_rework/src/TFT/tjpgd.o
LOAD .pio/build/f446re_rework/src/TFT/u8g2_fonts.o
LOAD .pio/build/f446re_rework/src/TFT/u8g_font.o
LOAD .pio/build/f446re_rework/src/W25Qxx/W25Qxx.o
START GROUP
LOAD /Users/mostafa/.platformio/packages/toolchain-gccarmnoneeabi@1.70201.0/bin/../lib/gcc/arm-none-eabi/7.2.1/thumb/v7e-m/libgcc.a
LOAD /Users/mostafa/.platformio/packages/toolchain-gccarmnoneeabi@1.70201.0/bin/../lib/gcc/arm-none-eabi/7.2.1/../../../../arm-none-eabi/lib/thumb/v7e-m/libstdc++_nano.a
LOAD /Users/mostafa/.platformio/packages/toolchain-gccarmnoneeabi@1.70201.0/bin/../lib/gcc/arm-none-eabi/7.2.1/../../../../arm-none-eabi/lib/thumb/v7e-m/libnosys.a
LOAD .pio/build/f446re_rework/libFrameworkCMSISDevice.a
END GROUP
LOAD /Users/mostafa/.platformio/packages/toolchain-gccarmnoneeabi@1.70201.0/bin/../lib/gcc/arm-none-eabi/7.2.1/../../../../arm-none-eabi/lib/thumb/v7e-m/libstdc++_nano.a
LOAD /Users/mostafa/.platformio/packages/toolchain-gccarmnoneeabi@1.70201.0/bin/../lib/gcc/arm-none-eabi/7.2.1/../../../../arm-none-eabi/lib/thumb/v7e-m/libm.a
LOAD /Users/mostafa/.platformio/packages/toolchain-gccarmnoneeabi@1.70201.0/bin/../lib/gcc/arm-none-eabi/7.2.1/../../../../arm-none-eabi/lib/thumb/v7e-m/libc_nano.a
START GROUP
LOAD /Users/mostafa/.platformio/packages/toolchain-gccarmnoneeabi@1.70201.0/bin/../lib/gcc/arm-none-eabi/7.2.1/thumb/v7e-m/libgcc.a
LOAD /Users/mostafa/.platformio/packages/toolchain-gccarmnoneeabi@1.70201.0/bin/../lib/gcc/arm-none-eabi/7.2.1/../../../../arm-none-eabi/lib/thumb/v7e-m/libc_nano.a
END GROUP
START GROUP
LOAD /Users/mostafa/.platformio/packages/toolchain-gccarmnoneeabi@1.70201.0/bin/../lib/gcc/arm-none-eabi/7.2.1/thumb/v7e-m/libgcc.a
LOAD /Users/mostafa/.platformio/packages/toolchain-gccarmnoneeabi@1.70201.0/bin/../lib/gcc/arm-none-eabi/7.2.1/../../../../arm-none-eabi/lib/thumb/v7e-m/libc_nano.a
LOAD /Users/mostafa/.platformio/packages/toolchain-gccarmnoneeabi@1.70201.0/bin/../lib/gcc/arm-none-eabi/7.2.1/../../../../arm-none-eabi/lib/thumb/v7e-m/libnosys.a
END GROUP
START GROUP
LOAD /Users/mostafa/.platformio/packages/toolchain-gccarmnoneeabi@1.70201.0/bin/../lib/gcc/arm-none-eabi/7.2.1/thumb/v7e-m/libgcc.a
LOAD /Users/mostafa/.platformio/packages/toolchain-gccarmnoneeabi@1.70201.0/bin/../lib/gcc/arm-none-eabi/7.2.1/../../../../arm-none-eabi/lib/thumb/v7e-m/libc_nano.a
LOAD /Users/mostafa/.platformio/packages/toolchain-gccarmnoneeabi@1.70201.0/bin/../lib/gcc/arm-none-eabi/7.2.1/../../../../arm-none-eabi/lib/thumb/v7e-m/libnosys.a
END GROUP
LOAD /Users/mostafa/.platformio/packages/toolchain-gccarmnoneeabi@1.70201.0/bin/../lib/gcc/arm-none-eabi/7.2.1/thumb/v7e-m/crtend.o
LOAD /Users/mostafa/.platformio/packages/toolchain-gccarmnoneeabi@1.70201.0/bin/../lib/gcc/arm-none-eabi/7.2.1/thumb/v7e-m/crtn.o
                0x0000000020020000                _estack = (ORIGIN (RAM) + LENGTH (RAM))
                0x0000000000000200                _Min_Heap_Size = 0x200
                0x0000000000000400                _Min_Stack_Size = 0x400

.isr_vector     0x0000000008000000      0x1c4
                0x0000000008000000                . = ALIGN (0x4)
 *(.isr_vector)
 .isr_vector    0x0000000008000000      0x1c4 .pio/build/f446re_rework/libFrameworkCMSISDevice.a(startup_stm32f446xx.o)
                0x0000000008000000                g_pfnVectors
                0x00000000080001c4                . = ALIGN (0x4)

.text           0x00000000080001d0    0x1b378
                0x00000000080001d0                . = ALIGN (0x4)
 *(.text)
 .text          0x00000000080001d0       0x40 /Users/mostafa/.platformio/packages/toolchain-gccarmnoneeabi@1.70201.0/bin/../lib/gcc/arm-none-eabi/7.2.1/thumb/v7e-m/crtbegin.o
 .text          0x0000000008000210      0x378 /Users/mostafa/.platformio/packages/toolchain-gccarmnoneeabi@1.70201.0/bin/../lib/gcc/arm-none-eabi/7.2.1/thumb/v7e-m/libgcc.a(_arm_addsubdf3.o)
                0x0000000008000210                __aeabi_drsub
                0x0000000008000218                __aeabi_dsub
                0x0000000008000218                __subdf3
                0x000000000800021c                __adddf3
                0x000000000800021c                __aeabi_dadd
                0x0000000008000494                __floatunsidf
                0x0000000008000494                __aeabi_ui2d
                0x00000000080004b4                __aeabi_i2d
                0x00000000080004b4                __floatsidf
                0x00000000080004d8                __extendsfdf2
                0x00000000080004d8                __aeabi_f2d
                0x000000000800051c                __aeabi_ul2d
                0x000000000800051c                __floatundidf
                0x000000000800052c                __floatdidf
                0x000000000800052c                __aeabi_l2d
 .text          0x0000000008000588      0x424 /Users/mostafa/.platformio/packages/toolchain-gccarmnoneeabi@1.70201.0/bin/../lib/gcc/arm-none-eabi/7.2.1/thumb/v7e-m/libgcc.a(_arm_muldivdf3.o)
                0x0000000008000588                __aeabi_dmul
                0x0000000008000588                __muldf3
                0x00000000080007dc                __aeabi_ddiv
                0x00000000080007dc                __divdf3
 .text          0x00000000080009ac       0x50 /Users/mostafa/.platformio/packages/toolchain-gccarmnoneeabi@1.70201.0/bin/../lib/gcc/arm-none-eabi/7.2.1/thumb/v7e-m/libgcc.a(_arm_fixdfsi.o)
                0x00000000080009ac                __aeabi_d2iz
                0x00000000080009ac                __fixdfsi
 .text          0x00000000080009fc       0x40 /Users/mostafa/.platformio/packages/toolchain-gccarmnoneeabi@1.70201.0/bin/../lib/gcc/arm-none-eabi/7.2.1/thumb/v7e-m/libgcc.a(_arm_fixunsdfsi.o)
                0x00000000080009fc                __aeabi_d2uiz
                0x00000000080009fc                __fixunsdfsi
 .text          0x0000000008000a3c       0xa0 /Users/mostafa/.platformio/packages/toolchain-gccarmnoneeabi@1.70201.0/bin/../lib/gcc/arm-none-eabi/7.2.1/thumb/v7e-m/libgcc.a(_arm_truncdfsf2.o)
                0x0000000008000a3c                __aeabi_d2f
                0x0000000008000a3c                __truncdfsf2
 .text          0x0000000008000adc      0x21c /Users/mostafa/.platformio/packages/toolchain-gccarmnoneeabi@1.70201.0/bin/../lib/gcc/arm-none-eabi/7.2.1/thumb/v7e-m/libgcc.a(_arm_addsubsf3.o)
                0x0000000008000adc                __aeabi_frsub
                0x0000000008000ae4                __subsf3
                0x0000000008000ae4                __aeabi_fsub
                0x0000000008000ae8                __addsf3
                0x0000000008000ae8                __aeabi_fadd
                0x0000000008000c48                __floatunsisf
                0x0000000008000c48                __aeabi_ui2f
                0x0000000008000c50                __floatsisf
                0x0000000008000c50                __aeabi_i2f
                0x0000000008000c6c                __floatundisf
                0x0000000008000c6c                __aeabi_ul2f
                0x0000000008000c7c                __floatdisf
                0x0000000008000c7c                __aeabi_l2f
 .text          0x0000000008000cf8      0x2a0 /Users/mostafa/.platformio/packages/toolchain-gccarmnoneeabi@1.70201.0/bin/../lib/gcc/arm-none-eabi/7.2.1/thumb/v7e-m/libgcc.a(_arm_muldivsf3.o)
                0x0000000008000cf8                __mulsf3
                0x0000000008000cf8                __aeabi_fmul
                0x0000000008000e60                __aeabi_fdiv
                0x0000000008000e60                __divsf3
 .text          0x0000000008000f98       0x4c /Users/mostafa/.platformio/packages/toolchain-gccarmnoneeabi@1.70201.0/bin/../lib/gcc/arm-none-eabi/7.2.1/thumb/v7e-m/libgcc.a(_arm_fixsfsi.o)
                0x0000000008000f98                __fixsfsi
                0x0000000008000f98                __aeabi_f2iz
 .text          0x0000000008000fe4       0x30 /Users/mostafa/.platformio/packages/toolchain-gccarmnoneeabi@1.70201.0/bin/../lib/gcc/arm-none-eabi/7.2.1/thumb/v7e-m/libgcc.a(_aeabi_uldivmod.o)
                0x0000000008000fe4                __aeabi_uldivmod
 .text          0x0000000008001014      0x2cc /Users/mostafa/.platformio/packages/toolchain-gccarmnoneeabi@1.70201.0/bin/../lib/gcc/arm-none-eabi/7.2.1/thumb/v7e-m/libgcc.a(_udivmoddi4.o)
                0x0000000008001014                __udivmoddi4
 .text          0x00000000080012e0        0x4 /Users/mostafa/.platformio/packages/toolchain-gccarmnoneeabi@1.70201.0/bin/../lib/gcc/arm-none-eabi/7.2.1/thumb/v7e-m/libgcc.a(_dvmd_tls.o)
                0x00000000080012e0                __aeabi_ldiv0
                0x00000000080012e0                __aeabi_idiv0
 *fill*         0x00000000080012e4        0xc 
 .text          0x00000000080012f0       0xa0 /Users/mostafa/.platformio/packages/toolchain-gccarmnoneeabi@1.70201.0/bin/../lib/gcc/arm-none-eabi/7.2.1/../../../../arm-none-eabi/lib/thumb/v7e-m/libc_nano.a(lib_a-memchr.o)
                0x00000000080012f0                memchr
 .text          0x0000000008001390       0x14 /Users/mostafa/.platformio/packages/toolchain-gccarmnoneeabi@1.70201.0/bin/../lib/gcc/arm-none-eabi/7.2.1/../../../../arm-none-eabi/lib/thumb/v7e-m/libc_nano.a(lib_a-strcmp.o)
                0x0000000008001390                strcmp
 .text          0x00000000080013a4       0x10 /Users/mostafa/.platformio/packages/toolchain-gccarmnoneeabi@1.70201.0/bin/../lib/gcc/arm-none-eabi/7.2.1/../../../../arm-none-eabi/lib/thumb/v7e-m/libc_nano.a(lib_a-strlen.o)
                0x00000000080013a4                strlen
 .text          0x00000000080013b4      0x110 /Users/mostafa/.platformio/packages/toolchain-gccarmnoneeabi@1.70201.0/bin/../lib/gcc/arm-none-eabi/7.2.1/thumb/v7e-m/libgcc.a(_arm_cmpdf2.o)
                0x00000000080013b4                __gtdf2
                0x00000000080013b4                __gedf2
                0x00000000080013bc                __ledf2
                0x00000000080013bc                __ltdf2
                0x00000000080013c4                __eqdf2
                0x00000000080013c4                __cmpdf2
                0x00000000080013c4                __nedf2
                0x0000000008001440                __aeabi_cdrcmple
                0x0000000008001450                __aeabi_cdcmpeq
                0x0000000008001450                __aeabi_cdcmple
                0x0000000008001460                __aeabi_dcmpeq
                0x0000000008001474                __aeabi_dcmplt
                0x0000000008001488                __aeabi_dcmple
                0x000000000800149c                __aeabi_dcmpge
                0x00000000080014b0                __aeabi_dcmpgt
 .text          0x00000000080014c4       0x2c /Users/mostafa/.platformio/packages/toolchain-gccarmnoneeabi@1.70201.0/bin/../lib/gcc/arm-none-eabi/7.2.1/thumb/v7e-m/libgcc.a(_arm_unorddf2.o)
                0x00000000080014c4                __aeabi_dcmpun
                0x00000000080014c4                __unorddf2
 .text          0x00000000080014f0       0x2c /Users/mostafa/.platformio/packages/toolchain-gccarmnoneeabi@1.70201.0/bin/../lib/gcc/arm-none-eabi/7.2.1/thumb/v7e-m/libgcc.a(_arm_unordsf2.o)
                0x00000000080014f0                __aeabi_fcmpun
                0x00000000080014f0                __unordsf2
 *(.text*)
 .text.HAL_InitTick
                0x000000000800151c       0x48 .pio/build/f446re_rework/FrameworkHALDriver/Src/stm32f4xx_hal.o
                0x000000000800151c                HAL_InitTick
 .text.HAL_Init
                0x0000000008001564       0x34 .pio/build/f446re_rework/FrameworkHALDriver/Src/stm32f4xx_hal.o
                0x0000000008001564                HAL_Init
 .text.HAL_IncTick
                0x0000000008001598       0x18 .pio/build/f446re_rework/FrameworkHALDriver/Src/stm32f4xx_hal.o
                0x0000000008001598                HAL_IncTick
 .text.HAL_GetTick
                0x00000000080015b0        0xc .pio/build/f446re_rework/FrameworkHALDriver/Src/stm32f4xx_hal.o
                0x00000000080015b0                HAL_GetTick
 .text.HAL_Delay
                0x00000000080015bc       0x28 .pio/build/f446re_rework/FrameworkHALDriver/Src/stm32f4xx_hal.o
                0x00000000080015bc                HAL_Delay
 .text.HAL_ADC_Init
                0x00000000080015e4      0x14c .pio/build/f446re_rework/FrameworkHALDriver/Src/stm32f4xx_hal_adc.o
                0x00000000080015e4                HAL_ADC_Init
 .text.HAL_ADC_Start
                0x0000000008001730      0x10c .pio/build/f446re_rework/FrameworkHALDriver/Src/stm32f4xx_hal_adc.o
                0x0000000008001730                HAL_ADC_Start
 .text.HAL_ADC_Stop
                0x000000000800183c       0x3c .pio/build/f446re_rework/FrameworkHALDriver/Src/stm32f4xx_hal_adc.o
                0x000000000800183c                HAL_ADC_Stop
 .text.HAL_ADC_PollForConversion
                0x0000000008001878       0xa8 .pio/build/f446re_rework/FrameworkHALDriver/Src/stm32f4xx_hal_adc.o
                0x0000000008001878                HAL_ADC_PollForConversion
 .text.HAL_ADC_Start_DMA
                0x0000000008001920      0x158 .pio/build/f446re_rework/FrameworkHALDriver/Src/stm32f4xx_hal_adc.o
                0x0000000008001920                HAL_ADC_Start_DMA
 .text.HAL_ADC_Stop_DMA
                0x0000000008001a78       0x72 .pio/build/f446re_rework/FrameworkHALDriver/Src/stm32f4xx_hal_adc.o
                0x0000000008001a78                HAL_ADC_Stop_DMA
 .text.HAL_ADC_GetValue
                0x0000000008001aea        0x6 .pio/build/f446re_rework/FrameworkHALDriver/Src/stm32f4xx_hal_adc.o
                0x0000000008001aea                HAL_ADC_GetValue
 .text.HAL_ADC_ConvHalfCpltCallback
                0x0000000008001af0        0x2 .pio/build/f446re_rework/FrameworkHALDriver/Src/stm32f4xx_hal_adc.o
                0x0000000008001af0                HAL_ADC_ConvHalfCpltCallback
 .text.ADC_DMAHalfConvCplt
                0x0000000008001af2        0xa .pio/build/f446re_rework/FrameworkHALDriver/Src/stm32f4xx_hal_adc.o
 .text.ADC_DMAError
                0x0000000008001afc       0x16 .pio/build/f446re_rework/FrameworkHALDriver/Src/stm32f4xx_hal_adc.o
 .text.ADC_DMAConvCplt
                0x0000000008001b12       0x6c .pio/build/f446re_rework/FrameworkHALDriver/Src/stm32f4xx_hal_adc.o
 *fill*         0x0000000008001b7e        0x2 
 .text.HAL_ADC_ConfigChannel
                0x0000000008001b80      0x13c .pio/build/f446re_rework/FrameworkHALDriver/Src/stm32f4xx_hal_adc.o
                0x0000000008001b80                HAL_ADC_ConfigChannel
 .text.HAL_NVIC_SetPriorityGrouping
                0x0000000008001cbc       0x24 .pio/build/f446re_rework/FrameworkHALDriver/Src/stm32f4xx_hal_cortex.o
                0x0000000008001cbc                HAL_NVIC_SetPriorityGrouping
 .text.HAL_NVIC_SetPriority
                0x0000000008001ce0       0x68 .pio/build/f446re_rework/FrameworkHALDriver/Src/stm32f4xx_hal_cortex.o
                0x0000000008001ce0                HAL_NVIC_SetPriority
 .text.HAL_NVIC_EnableIRQ
                0x0000000008001d48       0x1c .pio/build/f446re_rework/FrameworkHALDriver/Src/stm32f4xx_hal_cortex.o
                0x0000000008001d48                HAL_NVIC_EnableIRQ
 .text.HAL_SYSTICK_Config
                0x0000000008001d64       0x2c .pio/build/f446re_rework/FrameworkHALDriver/Src/stm32f4xx_hal_cortex.o
                0x0000000008001d64                HAL_SYSTICK_Config
 .text.DMA_CalcBaseAndBitshift
                0x0000000008001d90       0x2c .pio/build/f446re_rework/FrameworkHALDriver/Src/stm32f4xx_hal_dma.o
 .text.HAL_DMA_Init
                0x0000000008001dbc       0xfc .pio/build/f446re_rework/FrameworkHALDriver/Src/stm32f4xx_hal_dma.o
                0x0000000008001dbc                HAL_DMA_Init
 .text.HAL_DMA_Start_IT
                0x0000000008001eb8       0x74 .pio/build/f446re_rework/FrameworkHALDriver/Src/stm32f4xx_hal_dma.o
                0x0000000008001eb8                HAL_DMA_Start_IT
 .text.HAL_DMA_Abort
                0x0000000008001f2c       0x86 .pio/build/f446re_rework/FrameworkHALDriver/Src/stm32f4xx_hal_dma.o
                0x0000000008001f2c                HAL_DMA_Abort
 *fill*         0x0000000008001fb2        0x2 
 .text.HAL_DMA_IRQHandler
                0x0000000008001fb4      0x17c .pio/build/f446re_rework/FrameworkHALDriver/Src/stm32f4xx_hal_dma.o
                0x0000000008001fb4                HAL_DMA_IRQHandler
 .text.HAL_GPIO_Init
                0x0000000008002130      0x1c8 .pio/build/f446re_rework/FrameworkHALDriver/Src/stm32f4xx_hal_gpio.o
                0x0000000008002130                HAL_GPIO_Init
 .text.HAL_GPIO_ReadPin
                0x00000000080022f8        0xc .pio/build/f446re_rework/FrameworkHALDriver/Src/stm32f4xx_hal_gpio.o
                0x00000000080022f8                HAL_GPIO_ReadPin
 .text.HAL_GPIO_WritePin
                0x0000000008002304        0xa .pio/build/f446re_rework/FrameworkHALDriver/Src/stm32f4xx_hal_gpio.o
                0x0000000008002304                HAL_GPIO_WritePin
 *fill*         0x000000000800230e        0x2 
 .text.HAL_PWREx_EnableOverDrive
                0x0000000008002310       0x78 .pio/build/f446re_rework/FrameworkHALDriver/Src/stm32f4xx_hal_pwr_ex.o
                0x0000000008002310                HAL_PWREx_EnableOverDrive
 .text.HAL_RCC_ClockConfig
                0x0000000008002388      0x134 .pio/build/f446re_rework/FrameworkHALDriver/Src/stm32f4xx_hal_rcc.o
                0x0000000008002388                HAL_RCC_ClockConfig
 .text.HAL_RCC_GetSysClockFreq
                0x00000000080024bc       0x7c .pio/build/f446re_rework/FrameworkHALDriver/Src/stm32f4xx_hal_rcc_ex.o
                0x00000000080024bc                HAL_RCC_GetSysClockFreq
 .text.HAL_RCC_OscConfig
                0x0000000008002538      0x39c .pio/build/f446re_rework/FrameworkHALDriver/Src/stm32f4xx_hal_rcc_ex.o
                0x0000000008002538                HAL_RCC_OscConfig
 .text.SPI_WaitFlagStateUntilTimeout
                0x00000000080028d4       0xb4 .pio/build/f446re_rework/FrameworkHALDriver/Src/stm32f4xx_hal_spi.o
 .text.SPI_EndRxTxTransaction
                0x0000000008002988       0x78 .pio/build/f446re_rework/FrameworkHALDriver/Src/stm32f4xx_hal_spi.o
 .text.SPI_EndRxTransaction
                0x0000000008002a00       0x5c .pio/build/f446re_rework/FrameworkHALDriver/Src/stm32f4xx_hal_spi.o
 .text.HAL_SPI_Init
                0x0000000008002a5c       0xb8 .pio/build/f446re_rework/FrameworkHALDriver/Src/stm32f4xx_hal_spi.o
                0x0000000008002a5c                HAL_SPI_Init
 .text.HAL_SPI_Transmit
                0x0000000008002b14      0x160 .pio/build/f446re_rework/FrameworkHALDriver/Src/stm32f4xx_hal_spi.o
                0x0000000008002b14                HAL_SPI_Transmit
 .text.HAL_SPI_TransmitReceive
                0x0000000008002c74      0x1f0 .pio/build/f446re_rework/FrameworkHALDriver/Src/stm32f4xx_hal_spi.o
                0x0000000008002c74                HAL_SPI_TransmitReceive
 .text.HAL_SPI_Receive
                0x0000000008002e64      0x142 .pio/build/f446re_rework/FrameworkHALDriver/Src/stm32f4xx_hal_spi.o
                0x0000000008002e64                HAL_SPI_Receive
 *fill*         0x0000000008002fa6        0x2 
 .text.HAL_SPI_Transmit_DMA
                0x0000000008002fa8       0xbc .pio/build/f446re_rework/FrameworkHALDriver/Src/stm32f4xx_hal_spi.o
                0x0000000008002fa8                HAL_SPI_Transmit_DMA
 .text.HAL_SPI_DMAStop
                0x0000000008003064       0x46 .pio/build/f446re_rework/FrameworkHALDriver/Src/stm32f4xx_hal_spi.o
                0x0000000008003064                HAL_SPI_DMAStop
 .text.HAL_SPI_TxHalfCpltCallback
                0x00000000080030aa        0x2 .pio/build/f446re_rework/FrameworkHALDriver/Src/stm32f4xx_hal_spi.o
                0x00000000080030aa                HAL_SPI_TxHalfCpltCallback
 .text.SPI_DMAHalfTransmitCplt
                0x00000000080030ac        0xa .pio/build/f446re_rework/FrameworkHALDriver/Src/stm32f4xx_hal_spi.o
 .text.HAL_SPI_ErrorCallback
                0x00000000080030b6        0x2 .pio/build/f446re_rework/FrameworkHALDriver/Src/stm32f4xx_hal_spi.o
                0x00000000080030b6                HAL_SPI_ErrorCallback
 .text.SPI_DMAError
                0x00000000080030b8       0x22 .pio/build/f446re_rework/FrameworkHALDriver/Src/stm32f4xx_hal_spi.o
 .text.SPI_DMATransmitCplt
                0x00000000080030da       0x6a .pio/build/f446re_rework/FrameworkHALDriver/Src/stm32f4xx_hal_spi.o
 .text.TIM_OC1_SetConfig
                0x0000000008003144       0x64 .pio/build/f446re_rework/FrameworkHALDriver/Src/stm32f4xx_hal_tim.o
 .text.TIM_OC3_SetConfig
                0x00000000080031a8       0x6c .pio/build/f446re_rework/FrameworkHALDriver/Src/stm32f4xx_hal_tim.o
 .text.TIM_OC4_SetConfig
                0x0000000008003214       0x4c .pio/build/f446re_rework/FrameworkHALDriver/Src/stm32f4xx_hal_tim.o
 .text.HAL_TIM_Base_Start_IT
                0x0000000008003260       0x74 .pio/build/f446re_rework/FrameworkHALDriver/Src/stm32f4xx_hal_tim.o
                0x0000000008003260                HAL_TIM_Base_Start_IT
 .text.HAL_TIM_Base_Stop_IT
                0x00000000080032d4       0x30 .pio/build/f446re_rework/FrameworkHALDriver/Src/stm32f4xx_hal_tim.o
                0x00000000080032d4                HAL_TIM_Base_Stop_IT
 .text.HAL_TIM_OC_MspInit
                0x0000000008003304        0x2 .pio/build/f446re_rework/FrameworkHALDriver/Src/stm32f4xx_hal_tim.o
                0x0000000008003304                HAL_TIM_OC_MspInit
 .text.HAL_TIM_PWM_MspInit
                0x0000000008003306        0x2 .pio/build/f446re_rework/FrameworkHALDriver/Src/stm32f4xx_hal_tim.o
                0x0000000008003306                HAL_TIM_PWM_MspInit
 .text.HAL_TIM_Encoder_Start
                0x0000000008003308       0xb8 .pio/build/f446re_rework/FrameworkHALDriver/Src/stm32f4xx_hal_tim.o
                0x0000000008003308                HAL_TIM_Encoder_Start
 .text.HAL_TIM_IC_CaptureCallback
                0x00000000080033c0        0x2 .pio/build/f446re_rework/FrameworkHALDriver/Src/stm32f4xx_hal_tim.o
                0x00000000080033c0                HAL_TIM_IC_CaptureCallback
 .text.TIM_DMADelayPulseCplt
                0x00000000080033c2       0x6a .pio/build/f446re_rework/FrameworkHALDriver/Src/stm32f4xx_hal_tim.o
 .text.TIM_DMADelayPulseHalfCplt
                0x000000000800342c       0x38 .pio/build/f446re_rework/FrameworkHALDriver/Src/stm32f4xx_hal_tim.o
                0x000000000800342c                TIM_DMADelayPulseHalfCplt
 .text.HAL_TIM_TriggerCallback
                0x0000000008003464        0x2 .pio/build/f446re_rework/FrameworkHALDriver/Src/stm32f4xx_hal_tim.o
                0x0000000008003464                HAL_TIM_TriggerCallback
 .text.HAL_TIM_IRQHandler
                0x0000000008003466      0x128 .pio/build/f446re_rework/FrameworkHALDriver/Src/stm32f4xx_hal_tim.o
                0x0000000008003466                HAL_TIM_IRQHandler
 .text.HAL_TIM_ErrorCallback
                0x000000000800358e        0x2 .pio/build/f446re_rework/FrameworkHALDriver/Src/stm32f4xx_hal_tim.o
                0x000000000800358e                HAL_TIM_ErrorCallback
 .text.TIM_DMAError
                0x0000000008003590       0x58 .pio/build/f446re_rework/FrameworkHALDriver/Src/stm32f4xx_hal_tim.o
                0x0000000008003590                TIM_DMAError
 .text.TIM_Base_SetConfig
                0x00000000080035e8       0xd8 .pio/build/f446re_rework/FrameworkHALDriver/Src/stm32f4xx_hal_tim.o
                0x00000000080035e8                TIM_Base_SetConfig
 .text.HAL_TIM_Base_Init
                0x00000000080036c0       0x58 .pio/build/f446re_rework/FrameworkHALDriver/Src/stm32f4xx_hal_tim.o
                0x00000000080036c0                HAL_TIM_Base_Init
 .text.HAL_TIM_OC_Init
                0x0000000008003718       0x58 .pio/build/f446re_rework/FrameworkHALDriver/Src/stm32f4xx_hal_tim.o
                0x0000000008003718                HAL_TIM_OC_Init
 .text.HAL_TIM_PWM_Init
                0x0000000008003770       0x58 .pio/build/f446re_rework/FrameworkHALDriver/Src/stm32f4xx_hal_tim.o
                0x0000000008003770                HAL_TIM_PWM_Init
 .text.HAL_TIM_Encoder_Init
                0x00000000080037c8       0xaa .pio/build/f446re_rework/FrameworkHALDriver/Src/stm32f4xx_hal_tim.o
                0x00000000080037c8                HAL_TIM_Encoder_Init
 *fill*         0x0000000008003872        0x2 
 .text.TIM_OC2_SetConfig
                0x0000000008003874       0x6c .pio/build/f446re_rework/FrameworkHALDriver/Src/stm32f4xx_hal_tim.o
                0x0000000008003874                TIM_OC2_SetConfig
 .text.HAL_TIM_OC_ConfigChannel
                0x00000000080038e0       0x58 .pio/build/f446re_rework/FrameworkHALDriver/Src/stm32f4xx_hal_tim.o
                0x00000000080038e0                HAL_TIM_OC_ConfigChannel
 .text.HAL_TIM_PWM_ConfigChannel
                0x0000000008003938       0xc0 .pio/build/f446re_rework/FrameworkHALDriver/Src/stm32f4xx_hal_tim.o
                0x0000000008003938                HAL_TIM_PWM_ConfigChannel
 .text.TIM_ETR_SetConfig
                0x00000000080039f8       0x14 .pio/build/f446re_rework/FrameworkHALDriver/Src/stm32f4xx_hal_tim.o
                0x00000000080039f8                TIM_ETR_SetConfig
 .text.HAL_TIM_ConfigClockSource
                0x0000000008003a0c      0x132 .pio/build/f446re_rework/FrameworkHALDriver/Src/stm32f4xx_hal_tim.o
                0x0000000008003a0c                HAL_TIM_ConfigClockSource
 .text.TIM_SlaveTimer_SetConfig
                0x0000000008003b3e       0xb4 .pio/build/f446re_rework/FrameworkHALDriver/Src/stm32f4xx_hal_tim.o
 .text.HAL_TIM_SlaveConfigSynchro
                0x0000000008003bf2       0x4e .pio/build/f446re_rework/FrameworkHALDriver/Src/stm32f4xx_hal_tim.o
                0x0000000008003bf2                HAL_TIM_SlaveConfigSynchro
 .text.TIM_CCxChannelCmd
                0x0000000008003c40       0x1c .pio/build/f446re_rework/FrameworkHALDriver/Src/stm32f4xx_hal_tim.o
                0x0000000008003c40                TIM_CCxChannelCmd
 .text.HAL_TIM_OC_Start
                0x0000000008003c5c       0xcc .pio/build/f446re_rework/FrameworkHALDriver/Src/stm32f4xx_hal_tim.o
                0x0000000008003c5c                HAL_TIM_OC_Start
 .text.HAL_TIM_PWM_Start
                0x0000000008003d28        0x4 .pio/build/f446re_rework/FrameworkHALDriver/Src/stm32f4xx_hal_tim.o
                0x0000000008003d28                HAL_TIM_PWM_Start
 .text.HAL_TIM_OC_Stop
                0x0000000008003d2c       0x80 .pio/build/f446re_rework/FrameworkHALDriver/Src/stm32f4xx_hal_tim.o
                0x0000000008003d2c                HAL_TIM_OC_Stop
 .text.HAL_TIM_PWM_Stop
                0x0000000008003dac        0x4 .pio/build/f446re_rework/FrameworkHALDriver/Src/stm32f4xx_hal_tim.o
                0x0000000008003dac                HAL_TIM_PWM_Stop
 .text.HAL_TIM_OC_Start_IT
                0x0000000008003db0       0xfc .pio/build/f446re_rework/FrameworkHALDriver/Src/stm32f4xx_hal_tim.o
                0x0000000008003db0                HAL_TIM_OC_Start_IT
 .text.HAL_TIM_OC_Start_DMA
                0x0000000008003eac      0x1b4 .pio/build/f446re_rework/FrameworkHALDriver/Src/stm32f4xx_hal_tim.o
                0x0000000008003eac                HAL_TIM_OC_Start_DMA
 .text.HAL_TIM_PWM_Start_DMA
                0x0000000008004060        0x4 .pio/build/f446re_rework/FrameworkHALDriver/Src/stm32f4xx_hal_tim.o
                0x0000000008004060                HAL_TIM_PWM_Start_DMA
 .text.HAL_TIMEx_MasterConfigSynchronization
                0x0000000008004064       0x84 .pio/build/f446re_rework/FrameworkHALDriver/Src/stm32f4xx_hal_tim_ex.o
                0x0000000008004064                HAL_TIMEx_MasterConfigSynchronization
 .text.HAL_TIMEx_ConfigBreakDeadTime
                0x00000000080040e8       0x4c .pio/build/f446re_rework/FrameworkHALDriver/Src/stm32f4xx_hal_tim_ex.o
                0x00000000080040e8                HAL_TIMEx_ConfigBreakDeadTime
 .text.HAL_TIMEx_CommutCallback
                0x0000000008004134        0x2 .pio/build/f446re_rework/FrameworkHALDriver/Src/stm32f4xx_hal_tim_ex.o
                0x0000000008004134                HAL_TIMEx_CommutCallback
 .text.HAL_TIMEx_BreakCallback
                0x0000000008004136        0x2 .pio/build/f446re_rework/FrameworkHALDriver/Src/stm32f4xx_hal_tim_ex.o
                0x0000000008004136                HAL_TIMEx_BreakCallback
 .text.disk_status
                0x0000000008004138       0x1a .pio/build/f446re_rework/src/FatFS/diskio.o
                0x0000000008004138                disk_status
 *fill*         0x0000000008004152        0x2 
 .text.disk_initialize
                0x0000000008004154       0x20 .pio/build/f446re_rework/src/FatFS/diskio.o
                0x0000000008004154                disk_initialize
 .text.disk_read
                0x0000000008004174       0x68 .pio/build/f446re_rework/src/FatFS/diskio.o
                0x0000000008004174                disk_read
 .text.disk_write
                0x00000000080041dc       0x70 .pio/build/f446re_rework/src/FatFS/diskio.o
                0x00000000080041dc                disk_write
 .text.disk_ioctl
                0x000000000800424c       0xa0 .pio/build/f446re_rework/src/FatFS/diskio.o
                0x000000000800424c                disk_ioctl
 .text.ld_dword
                0x00000000080042ec       0x10 .pio/build/f446re_rework/src/FatFS/ff.o
 .text.st_dword
                0x00000000080042fc       0x10 .pio/build/f446re_rework/src/FatFS/ff.o
 .text.mem_set  0x000000000800430c        0xc .pio/build/f446re_rework/src/FatFS/ff.o
 .text.mem_cmp  0x0000000008004318       0x1c .pio/build/f446re_rework/src/FatFS/ff.o
 .text.clst2sect
                0x0000000008004334       0x16 .pio/build/f446re_rework/src/FatFS/ff.o
 .text.sum_sfn  0x000000000800434a       0x1e .pio/build/f446re_rework/src/FatFS/ff.o
 .text.get_ldnumber
                0x0000000008004368       0x3a .pio/build/f446re_rework/src/FatFS/ff.o
 .text.validate
                0x00000000080043a2       0x34 .pio/build/f446re_rework/src/FatFS/ff.o
 .text.mem_cpy.part.0
                0x00000000080043d6       0x12 .pio/build/f446re_rework/src/FatFS/ff.o
 .text.put_utf  0x00000000080043e8       0xb6 .pio/build/f446re_rework/src/FatFS/ff.o
 .text.ld_clust.isra.4
                0x000000000800449e       0x1c .pio/build/f446re_rework/src/FatFS/ff.o
 .text.st_clust.isra.5
                0x00000000080044ba       0x18 .pio/build/f446re_rework/src/FatFS/ff.o
 .text.sync_window.part.6
                0x00000000080044d2       0x40 .pio/build/f446re_rework/src/FatFS/ff.o
 .text.move_window
                0x0000000008004512       0x3c .pio/build/f446re_rework/src/FatFS/ff.o
 *fill*         0x000000000800454e        0x2 
 .text.check_fs
                0x0000000008004550       0x70 .pio/build/f446re_rework/src/FatFS/ff.o
 .text.put_fat  0x00000000080045c0      0x128 .pio/build/f446re_rework/src/FatFS/ff.o
 .text.get_fat.isra.10
                0x00000000080046e8       0xe0 .pio/build/f446re_rework/src/FatFS/ff.o
 .text.dir_sdi  0x00000000080047c8       0x8a .pio/build/f446re_rework/src/FatFS/ff.o
 .text.create_chain
                0x0000000008004852       0xe8 .pio/build/f446re_rework/src/FatFS/ff.o
 .text.remove_chain
                0x000000000800493a       0x6e .pio/build/f446re_rework/src/FatFS/ff.o
 .text.get_fileinfo
                0x00000000080049a8      0x13e .pio/build/f446re_rework/src/FatFS/ff.o
 *fill*         0x0000000008004ae6        0x2 
 .text.mount_volume
                0x0000000008004ae8      0x2bc .pio/build/f446re_rework/src/FatFS/ff.o
 .text.sync_fs  0x0000000008004da4       0x9e .pio/build/f446re_rework/src/FatFS/ff.o
 .text.dir_clear
                0x0000000008004e42       0xc2 .pio/build/f446re_rework/src/FatFS/ff.o
 .text.dir_next
                0x0000000008004f04       0xb8 .pio/build/f446re_rework/src/FatFS/ff.o
 .text.dir_remove
                0x0000000008004fbc       0x4e .pio/build/f446re_rework/src/FatFS/ff.o
 *fill*         0x000000000800500a        0x2 
 .text.dir_find
                0x000000000800500c      0x154 .pio/build/f446re_rework/src/FatFS/ff.o
 .text.dir_register
                0x0000000008005160      0x26c .pio/build/f446re_rework/src/FatFS/ff.o
 .text.dir_read.constprop.16
                0x00000000080053cc      0x12c .pio/build/f446re_rework/src/FatFS/ff.o
 .text.follow_path
                0x00000000080054f8      0x340 .pio/build/f446re_rework/src/FatFS/ff.o
 .text.f_mount  0x0000000008005838       0x4c .pio/build/f446re_rework/src/FatFS/ff.o
                0x0000000008005838                f_mount
 .text.f_open   0x0000000008005884      0x1fe .pio/build/f446re_rework/src/FatFS/ff.o
                0x0000000008005884                f_open
 .text.f_read   0x0000000008005a82      0x174 .pio/build/f446re_rework/src/FatFS/ff.o
                0x0000000008005a82                f_read
 .text.f_write  0x0000000008005bf6      0x1aa .pio/build/f446re_rework/src/FatFS/ff.o
                0x0000000008005bf6                f_write
 .text.f_sync   0x0000000008005da0       0x8c .pio/build/f446re_rework/src/FatFS/ff.o
                0x0000000008005da0                f_sync
 .text.f_close  0x0000000008005e2c       0x1a .pio/build/f446re_rework/src/FatFS/ff.o
                0x0000000008005e2c                f_close
 .text.f_lseek  0x0000000008005e46      0x140 .pio/build/f446re_rework/src/FatFS/ff.o
                0x0000000008005e46                f_lseek
 .text.f_opendir
                0x0000000008005f86       0x88 .pio/build/f446re_rework/src/FatFS/ff.o
                0x0000000008005f86                f_opendir
 .text.f_closedir
                0x000000000800600e       0x12 .pio/build/f446re_rework/src/FatFS/ff.o
                0x000000000800600e                f_closedir
 .text.f_readdir
                0x0000000008006020       0x68 .pio/build/f446re_rework/src/FatFS/ff.o
                0x0000000008006020                f_readdir
 .text.f_stat   0x0000000008006088       0x58 .pio/build/f446re_rework/src/FatFS/ff.o
                0x0000000008006088                f_stat
 .text.f_getfree
                0x00000000080060e0       0xd4 .pio/build/f446re_rework/src/FatFS/ff.o
                0x00000000080060e0                f_getfree
 .text.f_unlink
                0x00000000080061b4       0xc2 .pio/build/f446re_rework/src/FatFS/ff.o
                0x00000000080061b4                f_unlink
 .text.f_rename
                0x0000000008006276      0x126 .pio/build/f446re_rework/src/FatFS/ff.o
                0x0000000008006276                f_rename
 .text.f_utime  0x000000000800639c       0x70 .pio/build/f446re_rework/src/FatFS/ff.o
                0x000000000800639c                f_utime
 .text.f_mkfs   0x000000000800640c      0x764 .pio/build/f446re_rework/src/FatFS/ff.o
                0x000000000800640c                f_mkfs
 .text.ff_memalloc
                0x0000000008006b70        0x4 .pio/build/f446re_rework/src/FatFS/ffsystem.o
                0x0000000008006b70                ff_memalloc
 .text.ff_memfree
                0x0000000008006b74        0x4 .pio/build/f446re_rework/src/FatFS/ffsystem.o
                0x0000000008006b74                ff_memfree
 .text.ff_uni2oem
                0x0000000008006b78       0x40 .pio/build/f446re_rework/src/FatFS/ffunicode.o
                0x0000000008006b78                ff_uni2oem
 .text.ff_oem2uni
                0x0000000008006bb8       0x28 .pio/build/f446re_rework/src/FatFS/ffunicode.o
                0x0000000008006bb8                ff_oem2uni
 .text.ff_wtoupper
                0x0000000008006be0       0x8c .pio/build/f446re_rework/src/FatFS/ffunicode.o
                0x0000000008006be0                ff_wtoupper
 .text._ZNSt7__cxx1112basic_stringIcSt11char_traitsIcESaIcEEC2EPKcRKS3_.isra.21
                0x0000000008006c6c       0x54 .pio/build/f446re_rework/src/JSON_PARSER/JsonParser.o
 .text._ZN19JsonStreamingParser5resetEv
                0x0000000008006cc0       0x16 .pio/build/f446re_rework/src/JSON_PARSER/JsonParser.o
                0x0000000008006cc0                JsonStreamingParser::reset()
 .text._ZN19JsonStreamingParserC2Ev
                0x0000000008006cd6       0x24 .pio/build/f446re_rework/src/JSON_PARSER/JsonParser.o
                0x0000000008006cd6                JsonStreamingParser::JsonStreamingParser()
                0x0000000008006cd6                JsonStreamingParser::JsonStreamingParser()
 .text._ZN19JsonStreamingParser11setListenerEP12JsonListener
                0x0000000008006cfa        0x4 .pio/build/f446re_rework/src/JSON_PARSER/JsonParser.o
                0x0000000008006cfa                JsonStreamingParser::setListener(JsonListener*)
 .text._ZN19JsonStreamingParser21increaseBufferPointerEv
                0x0000000008006cfe       0x10 .pio/build/f446re_rework/src/JSON_PARSER/JsonParser.o
                0x0000000008006cfe                JsonStreamingParser::increaseBufferPointer()
 .text._ZN19JsonStreamingParser9endStringEv
                0x0000000008006d0e       0x8a .pio/build/f446re_rework/src/JSON_PARSER/JsonParser.o
                0x0000000008006d0e                JsonStreamingParser::endString()
 .text._ZN19JsonStreamingParser7isDigitEc
                0x0000000008006d98       0x16 .pio/build/f446re_rework/src/JSON_PARSER/JsonParser.o
                0x0000000008006d98                JsonStreamingParser::isDigit(char)
 .text._ZN19JsonStreamingParser8startKeyEv
                0x0000000008006dae       0x14 .pio/build/f446re_rework/src/JSON_PARSER/JsonParser.o
                0x0000000008006dae                JsonStreamingParser::startKey()
 .text._ZN19JsonStreamingParser23processEscapeCharactersEc
                0x0000000008006dc2       0x7a .pio/build/f446re_rework/src/JSON_PARSER/JsonParser.o
                0x0000000008006dc2                JsonStreamingParser::processEscapeCharacters(char)
 .text._ZN19JsonStreamingParser20getHexArrayAsDecimalEPci
                0x0000000008006e3c       0x3e .pio/build/f446re_rework/src/JSON_PARSER/JsonParser.o
                0x0000000008006e3c                JsonStreamingParser::getHexArrayAsDecimal(char*, int)
 .text._ZN19JsonStreamingParser9endNumberEv
                0x0000000008006e7a       0x48 .pio/build/f446re_rework/src/JSON_PARSER/JsonParser.o
                0x0000000008006e7a                JsonStreamingParser::endNumber()
 .text._ZN19JsonStreamingParser11endDocumentEv
                0x0000000008006ec2       0x12 .pio/build/f446re_rework/src/JSON_PARSER/JsonParser.o
                0x0000000008006ec2                JsonStreamingParser::endDocument()
 .text._ZN19JsonStreamingParser8endArrayEv
                0x0000000008006ed4       0x26 .pio/build/f446re_rework/src/JSON_PARSER/JsonParser.o
                0x0000000008006ed4                JsonStreamingParser::endArray()
 .text._ZN19JsonStreamingParser9endObjectEv
                0x0000000008006efa       0x26 .pio/build/f446re_rework/src/JSON_PARSER/JsonParser.o
                0x0000000008006efa                JsonStreamingParser::endObject()
 .text._ZN19JsonStreamingParser7endTrueEv
                0x0000000008006f20       0x58 .pio/build/f446re_rework/src/JSON_PARSER/JsonParser.o
                0x0000000008006f20                JsonStreamingParser::endTrue()
 .text._ZN19JsonStreamingParser8endFalseEv
                0x0000000008006f78       0x58 .pio/build/f446re_rework/src/JSON_PARSER/JsonParser.o
                0x0000000008006f78                JsonStreamingParser::endFalse()
 .text._ZN19JsonStreamingParser7endNullEv
                0x0000000008006fd0       0x58 .pio/build/f446re_rework/src/JSON_PARSER/JsonParser.o
                0x0000000008006fd0                JsonStreamingParser::endNull()
 .text._ZN19JsonStreamingParser10startArrayEv
                0x0000000008007028       0x20 .pio/build/f446re_rework/src/JSON_PARSER/JsonParser.o
                0x0000000008007028                JsonStreamingParser::startArray()
 .text._ZN19JsonStreamingParser11startObjectEv
                0x0000000008007048       0x20 .pio/build/f446re_rework/src/JSON_PARSER/JsonParser.o
                0x0000000008007048                JsonStreamingParser::startObject()
 .text._ZN19JsonStreamingParser11startStringEv
                0x0000000008007068       0x14 .pio/build/f446re_rework/src/JSON_PARSER/JsonParser.o
                0x0000000008007068                JsonStreamingParser::startString()
 .text._ZN19JsonStreamingParser11startNumberEc
                0x000000000800707c       0x14 .pio/build/f446re_rework/src/JSON_PARSER/JsonParser.o
                0x000000000800707c                JsonStreamingParser::startNumber(char)
 .text._ZN19JsonStreamingParser10startValueEc
                0x0000000008007090       0x68 .pio/build/f446re_rework/src/JSON_PARSER/JsonParser.o
                0x0000000008007090                JsonStreamingParser::startValue(char)
 .text._ZN19JsonStreamingParser19endUnicodeCharacterEi
                0x00000000080070f8       0x2a .pio/build/f446re_rework/src/JSON_PARSER/JsonParser.o
                0x00000000080070f8                JsonStreamingParser::endUnicodeCharacter(int)
 .text._ZN19JsonStreamingParser23processUnicodeCharacterEc
                0x0000000008007122       0x30 .pio/build/f446re_rework/src/JSON_PARSER/JsonParser.o
                0x0000000008007122                JsonStreamingParser::processUnicodeCharacter(char)
 *fill*         0x0000000008007152        0x2 
 .text._ZN19JsonStreamingParser5parseEc
                0x0000000008007154      0x1c8 .pio/build/f446re_rework/src/JSON_PARSER/JsonParser.o
                0x0000000008007154                JsonStreamingParser::parse(char)
 .text.ext_bits
                0x000000000800731c       0x2c .pio/build/f446re_rework/src/SD_SPI/sdspi.o
 .text.SD_ReadBytes
                0x0000000008007348       0x40 .pio/build/f446re_rework/src/SD_SPI/sdspi.o
 .text.SD_Unselect
                0x0000000008007388       0x10 .pio/build/f446re_rework/src/SD_SPI/sdspi.o
 .text.SD_NotReady
                0x0000000008007398       0x54 .pio/build/f446re_rework/src/SD_SPI/sdspi.o
 .text.SD_CMD   0x00000000080073ec       0x98 .pio/build/f446re_rework/src/SD_SPI/sdspi.o
 .text.SD_DATA_CMD.constprop.5
                0x0000000008007484       0x7c .pio/build/f446re_rework/src/SD_SPI/sdspi.o
 .text.SD_Init  0x0000000008007500      0x1ec .pio/build/f446re_rework/src/SD_SPI/sdspi.o
                0x0000000008007500                SD_Init
 .text.SD_ReadSingleBlock
                0x00000000080076ec       0x38 .pio/build/f446re_rework/src/SD_SPI/sdspi.o
                0x00000000080076ec                SD_ReadSingleBlock
 .text.SD_WriteSingleBlock
                0x0000000008007724       0xa8 .pio/build/f446re_rework/src/SD_SPI/sdspi.o
                0x0000000008007724                SD_WriteSingleBlock
 .text.SD_ReadBlocks
                0x00000000080077cc      0x114 .pio/build/f446re_rework/src/SD_SPI/sdspi.o
                0x00000000080077cc                SD_ReadBlocks
 .text.SD_Read  0x00000000080078e0       0x14 .pio/build/f446re_rework/src/SD_SPI/sdspi.o
                0x00000000080078e0                SD_Read
 .text.SD_WriteSBlocks
                0x00000000080078f4      0x120 .pio/build/f446re_rework/src/SD_SPI/sdspi.o
                0x00000000080078f4                SD_WriteSBlocks
 .text.SD_Write
                0x0000000008007a14       0x14 .pio/build/f446re_rework/src/SD_SPI/sdspi.o
                0x0000000008007a14                SD_Write
 .text._ZN6BUZZER8playSongEPKt
                0x0000000008007a28       0x24 .pio/build/f446re_rework/src/Src/buzzer.o
                0x0000000008007a28                BUZZER::playSong(unsigned short const*)
 .text._ZN6BUZZER9shortBeepEv
                0x0000000008007a4c        0xe .pio/build/f446re_rework/src/Src/buzzer.o
                0x0000000008007a4c                BUZZER::shortBeep()
 .text._ZN6BUZZER10doubleBeepEv
                0x0000000008007a5a        0xe .pio/build/f446re_rework/src/Src/buzzer.o
                0x0000000008007a5a                BUZZER::doubleBeep()
 .text._ZN6BUZZER7lowBeepEv
                0x0000000008007a68        0xe .pio/build/f446re_rework/src/Src/buzzer.o
                0x0000000008007a68                BUZZER::lowBeep()
 .text._ZN6BUZZER10failedBeepEv
                0x0000000008007a76        0xe .pio/build/f446re_rework/src/Src/buzzer.o
                0x0000000008007a76                BUZZER::failedBeep()
 .text._ZN6BUZZER10playSongCBEv
                0x0000000008007a84       0x48 .pio/build/f446re_rework/src/Src/buzzer.o
                0x0000000008007a84                BUZZER::playSongCB()
 .text._ZNSt7__cxx1112basic_stringIcSt11char_traitsIcESaIcEE12_M_constructIPKcEEvT_S8_St20forward_iterator_tag.isra.22
                0x0000000008007acc       0x48 .pio/build/f446re_rework/src/Src/config.o
 .text._ZN3CFG15currentTipIndexE7tDevice
                0x0000000008007b14       0x18 .pio/build/f446re_rework/src/Src/config.o
                0x0000000008007b14                CFG::currentTipIndex(tDevice)
 .text._ZN3CFG7savePIDER8PIDparam7tDevice
                0x0000000008007b2c       0x50 .pio/build/f446re_rework/src/Src/config.o
                0x0000000008007b2c                CFG::savePID(PIDparam&, tDevice)
 .text._ZN3CFG13nearActiveTipEh
                0x0000000008007b7c       0xfa .pio/build/f446re_rework/src/Src/config.o
                0x0000000008007b7c                CFG::nearActiveTip(unsigned char)
 *fill*         0x0000000008007c76        0x2 
 .text._ZN3CFG13correctConfigEP8s_config
                0x0000000008007c78       0xd4 .pio/build/f446re_rework/src/Src/config.o
                0x0000000008007c78                CFG::correctConfig(s_config*)
 .text._ZN8CFG_CORE7tempMinE7tDeviceb
                0x0000000008007d4c       0x38 .pio/build/f446re_rework/src/Src/config.o
                0x0000000008007d4c                CFG_CORE::tempMin(tDevice, bool)
 .text._ZN8CFG_CORE7tempMaxE7tDevicebb
                0x0000000008007d84       0x3c .pio/build/f446re_rework/src/Src/config.o
                0x0000000008007d84                CFG_CORE::tempMax(tDevice, bool, bool)
 .text._ZN8CFG_CORE7tempMaxE7tDeviceb
                0x0000000008007dc0       0x10 .pio/build/f446re_rework/src/Src/config.o
                0x0000000008007dc0                CFG_CORE::tempMax(tDevice, bool)
 .text._ZN3CFG16buildFullTipNameB5cxx11Eh
                0x0000000008007dd0       0x78 .pio/build/f446re_rework/src/Src/config.o
                0x0000000008007dd0                CFG::buildFullTipName[abi:cxx11](unsigned char)
 .text._ZN3CFG7tipNameB5cxx11E7tDevice
                0x0000000008007e48       0x24 .pio/build/f446re_rework/src/Src/config.o
                0x0000000008007e48                CFG::tipName[abi:cxx11](tDevice)
 .text._ZN3CFG7tipListEhP15s_tip_list_itemhb7tDevice
                0x0000000008007e6c      0x124 .pio/build/f446re_rework/src/Src/config.o
                0x0000000008007e6c                CFG::tipList(unsigned char, s_tip_list_item*, unsigned char, bool, tDevice)
 .text._ZN8CFG_CORE19areConfigsIdenticalEv
                0x0000000008007f90       0xc8 .pio/build/f446re_rework/src/Src/config.o
                0x0000000008007f90                CFG_CORE::areConfigsIdentical()
 .text._ZN8CFG_CORE11setDefaultsEv
                0x0000000008008058       0x54 .pio/build/f446re_rework/src/Src/config.o
                0x0000000008008058                CFG_CORE::setDefaults()
 .text._ZN8CFG_CORE14setPIDdefaultsEv
                0x00000000080080ac       0x2e .pio/build/f446re_rework/src/Src/config.o
                0x00000000080080ac                CFG_CORE::setPIDdefaults()
 .text._ZN8CFG_CORE15pidParamsSmoothE7tDevice
                0x00000000080080da       0x2e .pio/build/f446re_rework/src/Src/config.o
                0x00000000080080da                CFG_CORE::pidParamsSmooth(tDevice)
 .text._ZN8CFG_CORE12gunFanPresetEv
                0x0000000008008108       0x2a .pio/build/f446re_rework/src/Src/config.o
                0x0000000008008108                CFG_CORE::gunFanPreset()
 .text._ZN8CFG_CORE11minFanSpeedEv
                0x0000000008008132        0xe .pio/build/f446re_rework/src/Src/config.o
                0x0000000008008132                CFG_CORE::minFanSpeed()
 .text._ZN8CFG_CORE11maxFanSpeedEv
                0x0000000008008140        0xe .pio/build/f446re_rework/src/Src/config.o
                0x0000000008008140                CFG_CORE::maxFanSpeed()
 .text._ZN8CFG_CORE13getOffTimeoutE7tDevice
                0x000000000800814e       0x18 .pio/build/f446re_rework/src/Src/config.o
                0x000000000800814e                CFG_CORE::getOffTimeout(tDevice)
 .text._ZN8CFG_CORE10getLowTempE7tDevice
                0x0000000008008166       0x12 .pio/build/f446re_rework/src/Src/config.o
                0x0000000008008166                CFG_CORE::getLowTemp(tDevice)
 .text._ZN8CFG_CORE15tempPresetHumanE7tDevice
                0x0000000008008178       0x12 .pio/build/f446re_rework/src/Src/config.o
                0x0000000008008178                CFG_CORE::tempPresetHuman(tDevice)
 *fill*         0x000000000800818a        0x2 
 .text._ZN8CFG_CORE11getLanguageEv
                0x000000000800818c       0x20 .pio/build/f446re_rework/src/Src/config.o
                0x000000000800818c                CFG_CORE::getLanguage()
 .text._ZN8CFG_CORE5setupEbbbbbbbh
                0x00000000080081ac       0xf0 .pio/build/f446re_rework/src/Src/config.o
                0x00000000080081ac                CFG_CORE::setup(bool, bool, bool, bool, bool, bool, bool, unsigned char)
 .text._ZN8CFG_CORE8setupT12Ebbhthht
                0x000000000800829c       0x6a .pio/build/f446re_rework/src/Src/config.o
                0x000000000800829c                CFG_CORE::setupT12(bool, bool, unsigned char, unsigned short, unsigned char, unsigned char, unsigned short)
 .text._ZN8CFG_CORE8setupJBCEht
                0x0000000008008306       0x16 .pio/build/f446re_rework/src/Src/config.o
                0x0000000008008306                CFG_CORE::setupJBC(unsigned char, unsigned short)
 .text._ZN8CFG_CORE8setupGUNEbbht
                0x000000000800831c       0x2e .pio/build/f446re_rework/src/Src/config.o
                0x000000000800831c                CFG_CORE::setupGUN(bool, bool, unsigned char, unsigned short)
 .text._ZN8CFG_CORE19savePresetTempHumanEt7tDevice
                0x000000000800834a        0xe .pio/build/f446re_rework/src/Src/config.o
                0x000000000800834a                CFG_CORE::savePresetTempHuman(unsigned short, tDevice)
 .text._ZN8CFG_CORE13saveGunPresetEth
                0x0000000008008358        0xc .pio/build/f446re_rework/src/Src/config.o
                0x0000000008008358                CFG_CORE::saveGunPreset(unsigned short, unsigned char)
 .text._ZN8CFG_CORE10syncConfigEv
                0x0000000008008364       0x1c .pio/build/f446re_rework/src/Src/config.o
                0x0000000008008364                CFG_CORE::syncConfig()
 .text._ZN3CFG10saveConfigEv
                0x0000000008008380       0x2a .pio/build/f446re_rework/src/Src/config.o
                0x0000000008008380                CFG::saveConfig()
 .text._ZN8CFG_CORE13restoreConfigEv
                0x00000000080083aa       0x1c .pio/build/f446re_rework/src/Src/config.o
                0x00000000080083aa                CFG_CORE::restoreConfig()
 .text._ZN8CFG_CORE9boostTempEv
                0x00000000080083c6        0xc .pio/build/f446re_rework/src/Src/config.o
                0x00000000080083c6                CFG_CORE::boostTemp()
 .text._ZN8CFG_CORE13boostDurationEv
                0x00000000080083d2       0x12 .pio/build/f446re_rework/src/Src/config.o
                0x00000000080083d2                CFG_CORE::boostDuration()
 .text._ZN8CFG_CORE9pidParamsE7tDevice
                0x00000000080083e4       0x28 .pio/build/f446re_rework/src/Src/config.o
                0x00000000080083e4                CFG_CORE::pidParams(tDevice)
 .text._ZN7TIP_CFG15isTipCalibratedE7tDevice
                0x000000000800840c       0x16 .pio/build/f446re_rework/src/Src/config.o
                0x000000000800840c                TIP_CFG::isTipCalibrated(tDevice)
 .text._ZN7TIP_CFG4loadERK5s_tip7tDevice
                0x0000000008008422       0x28 .pio/build/f446re_rework/src/Src/config.o
                0x0000000008008422                TIP_CFG::load(s_tip const&, tDevice)
 .text._ZN7TIP_CFG13referenceTempEh7tDevice
                0x000000000800844a        0xe .pio/build/f446re_rework/src/Src/config.o
                0x000000000800844a                TIP_CFG::referenceTemp(unsigned char, tDevice)
 .text._ZN7TIP_CFG11tempCelsiusEts7tDevice
                0x0000000008008458       0xe8 .pio/build/f446re_rework/src/Src/config.o
                0x0000000008008458                TIP_CFG::tempCelsius(unsigned short, short, tDevice)
 .text._ZN3CFG11tempToHumanEts7tDevice
                0x0000000008008540       0x22 .pio/build/f446re_rework/src/Src/config.o
                0x0000000008008540                CFG::tempToHuman(unsigned short, short, tDevice)
 *fill*         0x0000000008008562        0x2 
 .text._ZN3CFG11humanToTempEts7tDeviceb
                0x0000000008008564      0x148 .pio/build/f446re_rework/src/Src/config.o
                0x0000000008008564                CFG::humanToTemp(unsigned short, short, tDevice, bool)
 .text._ZN7TIP_CFG17getTipCalibtarionEPt7tDevice
                0x00000000080086ac       0x18 .pio/build/f446re_rework/src/Src/config.o
                0x00000000080086ac                TIP_CFG::getTipCalibtarion(unsigned short*, tDevice)
 .text._ZN7TIP_CFG19applyTipCalibtarionEPta7tDeviceb
                0x00000000080086c4       0x40 .pio/build/f446re_rework/src/Src/config.o
                0x00000000080086c4                TIP_CFG::applyTipCalibtarion(unsigned short*, signed char, tDevice, bool)
 .text._ZN7TIP_CFG18defaultCalibrationE7tDevice
                0x0000000008008704       0x28 .pio/build/f446re_rework/src/Src/config.o
                0x0000000008008704                TIP_CFG::defaultCalibration(tDevice)
 .text._ZN7TIP_CFG19resetTipCalibrationE7tDevice
                0x000000000800872c        0x4 .pio/build/f446re_rework/src/Src/config.o
                0x000000000800872c                TIP_CFG::resetTipCalibration(tDevice)
 .text._ZN7TIP_CFG18defaultCalibrationEP5s_tip
                0x0000000008008730       0x12 .pio/build/f446re_rework/src/Src/config.o
                0x0000000008008730                TIP_CFG::defaultCalibration(s_tip*)
 .text._ZN3CFG19toggleTipActivationEh
                0x0000000008008742       0x94 .pio/build/f446re_rework/src/Src/config.o
                0x0000000008008742                CFG::toggleTipActivation(unsigned char)
 .text._ZN7TIP_CFG16isValidTipConfigEP5s_tip
                0x00000000080087d6       0x32 .pio/build/f446re_rework/src/Src/config.o
                0x00000000080087d6                TIP_CFG::isValidTipConfig(s_tip*)
 .text._ZN3CFG9selectTipE7tDeviceh
                0x0000000008008808       0xaa .pio/build/f446re_rework/src/Src/config.o
                0x0000000008008808                CFG::selectTip(tDevice, unsigned char)
 .text._ZN3CFG9changeTipEh
                0x00000000080088b2       0x4a .pio/build/f446re_rework/src/Src/config.o
                0x00000000080088b2                CFG::changeTip(unsigned char)
 .text._ZN3CFG18saveTipCalibtarionEhPtha
                0x00000000080088fc       0x9c .pio/build/f446re_rework/src/Src/config.o
                0x00000000080088fc                CFG::saveTipCalibtarion(unsigned char, unsigned short*, unsigned char, signed char)
 .text._ZN3CFG13buildTipTableEP11s_tip_table
                0x0000000008008998       0x9e .pio/build/f446re_rework/src/Src/config.o
                0x0000000008008998                CFG::buildTipTable(s_tip_table*)
 .text._ZN3CFG4initEv
                0x0000000008008a36      0x138 .pio/build/f446re_rework/src/Src/config.o
                0x0000000008008a36                CFG::init()
 .text._ZN3CFG10reloadTipsEv
                0x0000000008008b6e       0x16 .pio/build/f446re_rework/src/Src/config.o
                0x0000000008008b6e                CFG::reloadTips()
 .text._ZN4MODE4initEv
                0x0000000008008b84        0x2 .pio/build/f446re_rework/src/Src/core.o
                0x0000000008008b84                MODE::init()
 .text._ZN4MODE4loopEv
                0x0000000008008b86        0x4 .pio/build/f446re_rework/src/Src/core.o
                0x0000000008008b86                MODE::loop()
 .text._ZN4MODE5cleanEv
                0x0000000008008b8a        0x2 .pio/build/f446re_rework/src/Src/core.o
                0x0000000008008b8a                MODE::clean()
 .text._ZN4MODED2Ev
                0x0000000008008b8c        0x2 .pio/build/f446re_rework/src/Src/core.o
                0x0000000008008b8c                MODE::~MODE()
                0x0000000008008b8c                MODE::~MODE()
 .text._ZN5MWORKD2Ev
                0x0000000008008b8e        0x2 .pio/build/f446re_rework/src/Src/core.o
                0x0000000008008b8e                MWORK::~MWORK()
                0x0000000008008b8e                MWORK::~MWORK()
 .text._ZN5MSLCTD2Ev
                0x0000000008008b90        0x2 .pio/build/f446re_rework/src/Src/core.o
                0x0000000008008b90                MSLCT::~MSLCT()
                0x0000000008008b90                MSLCT::~MSLCT()
 .text._ZN5MTACTD2Ev
                0x0000000008008b92        0x2 .pio/build/f446re_rework/src/Src/core.o
                0x0000000008008b92                MTACT::~MTACT()
                0x0000000008008b92                MTACT::~MTACT()
 .text._ZN6MCALIBD2Ev
                0x0000000008008b94        0x2 .pio/build/f446re_rework/src/Src/core.o
                0x0000000008008b94                MCALIB::~MCALIB()
                0x0000000008008b94                MCALIB::~MCALIB()
 .text._ZN13MCALIB_MANUALD2Ev
                0x0000000008008b96        0x2 .pio/build/f446re_rework/src/Src/core.o
                0x0000000008008b96                MCALIB_MANUAL::~MCALIB_MANUAL()
                0x0000000008008b96                MCALIB_MANUAL::~MCALIB_MANUAL()
 .text._ZN8MCALMENUD2Ev
                0x0000000008008b98        0x2 .pio/build/f446re_rework/src/Src/core.o
                0x0000000008008b98                MCALMENU::~MCALMENU()
                0x0000000008008b98                MCALMENU::~MCALMENU()
 .text._ZN5MFAILD2Ev
                0x0000000008008b9a        0x2 .pio/build/f446re_rework/src/Src/core.o
                0x0000000008008b9a                MFAIL::~MFAIL()
                0x0000000008008b9a                MFAIL::~MFAIL()
 .text._ZN5MTPIDD2Ev
                0x0000000008008b9c        0x2 .pio/build/f446re_rework/src/Src/core.o
                0x0000000008008b9c                MTPID::~MTPID()
                0x0000000008008b9c                MTPID::~MTPID()
 .text._ZN8MAUTOPIDD2Ev
                0x0000000008008b9e        0x2 .pio/build/f446re_rework/src/Src/core.o
                0x0000000008008b9e                MAUTOPID::~MAUTOPID()
                0x0000000008008b9e                MAUTOPID::~MAUTOPID()
 .text._ZN8MENU_PIDD2Ev
                0x0000000008008ba0        0x2 .pio/build/f446re_rework/src/Src/core.o
                0x0000000008008ba0                MENU_PID::~MENU_PID()
                0x0000000008008ba0                MENU_PID::~MENU_PID()
 .text._ZN6MABOUTD2Ev
                0x0000000008008ba2        0x2 .pio/build/f446re_rework/src/Src/core.o
                0x0000000008008ba2                MABOUT::~MABOUT()
                0x0000000008008ba2                MABOUT::~MABOUT()
 .text._ZN6MDEBUGD2Ev
                0x0000000008008ba4        0x2 .pio/build/f446re_rework/src/Src/core.o
                0x0000000008008ba4                MDEBUG::~MDEBUG()
                0x0000000008008ba4                MDEBUG::~MDEBUG()
 .text._ZN7FFORMATD2Ev
                0x0000000008008ba6        0x2 .pio/build/f446re_rework/src/Src/core.o
                0x0000000008008ba6                FFORMAT::~FFORMAT()
                0x0000000008008ba6                FFORMAT::~FFORMAT()
 .text._ZN6MSETUPD2Ev
                0x0000000008008ba8        0x2 .pio/build/f446re_rework/src/Src/core.o
                0x0000000008008ba8                MSETUP::~MSETUP()
                0x0000000008008ba8                MSETUP::~MSETUP()
 .text._ZN8MENU_T12D2Ev
                0x0000000008008baa        0x2 .pio/build/f446re_rework/src/Src/core.o
                0x0000000008008baa                MENU_T12::~MENU_T12()
                0x0000000008008baa                MENU_T12::~MENU_T12()
 .text._ZN8MENU_JBCD2Ev
                0x0000000008008bac        0x2 .pio/build/f446re_rework/src/Src/core.o
                0x0000000008008bac                MENU_JBC::~MENU_JBC()
                0x0000000008008bac                MENU_JBC::~MENU_JBC()
 .text._ZN8MENU_GUND2Ev
                0x0000000008008bae        0x2 .pio/build/f446re_rework/src/Src/core.o
                0x0000000008008bae                MENU_GUN::~MENU_GUN()
                0x0000000008008bae                MENU_GUN::~MENU_GUN()
 .text._ZN5MMENUD2Ev
                0x0000000008008bb0        0x2 .pio/build/f446re_rework/src/Src/core.o
                0x0000000008008bb0                MMENU::~MMENU()
                0x0000000008008bb0                MMENU::~MMENU()
 .text._ZN4MODED0Ev
                0x0000000008008bb2        0xe .pio/build/f446re_rework/src/Src/core.o
                0x0000000008008bb2                MODE::~MODE()
 .text._ZN4DSPLD2Ev
                0x0000000008008bc0       0x58 .pio/build/f446re_rework/src/Src/core.o
                0x0000000008008bc0                DSPL::~DSPL()
                0x0000000008008bc0                DSPL::~DSPL()
 .text._ZN4DSPLD0Ev
                0x0000000008008c18       0x16 .pio/build/f446re_rework/src/Src/core.o
                0x0000000008008c18                DSPL::~DSPL()
 .text._ZN3tft8idleModeEb
                0x0000000008008c2e        0x6 .pio/build/f446re_rework/src/Src/core.o
                0x0000000008008c2e                tft::idleMode(bool)
 .text._ZN3tft2onEb
                0x0000000008008c34        0x6 .pio/build/f446re_rework/src/Src/core.o
                0x0000000008008c34                tft::on(bool)
 .text._ZN3tft13invertDisplayEb
                0x0000000008008c3a        0x6 .pio/build/f446re_rework/src/Src/core.o
                0x0000000008008c3a                tft::invertDisplay(bool)
 .text._ZN3tft8sleepOutEv
                0x0000000008008c40        0x4 .pio/build/f446re_rework/src/Src/core.o
                0x0000000008008c40                tft::sleepOut()
 .text._ZN3tft7sleepInEv
                0x0000000008008c44        0x4 .pio/build/f446re_rework/src/Src/core.o
                0x0000000008008c44                tft::sleepIn()
 .text._ZN11tft_ILI93414initEv
                0x0000000008008c48        0x4 .pio/build/f446re_rework/src/Src/core.o
                0x0000000008008c48                tft_ILI9341::init()
 .text._ZL21calculateGunPowerDataPVthh.constprop.45
                0x0000000008008c4c       0x8a .pio/build/f446re_rework/src/Src/core.o
 *fill*         0x0000000008008cd6        0x2 
 .text._ZN4UNITC2Ev
                0x0000000008008cd8       0xf0 .pio/build/f446re_rework/src/Src/core.o
                0x0000000008008cd8                UNIT::UNIT()
                0x0000000008008cd8                UNIT::UNIT()
 .text._ZN4IRONC2Ev
                0x0000000008008dc8       0xcc .pio/build/f446re_rework/src/Src/core.o
                0x0000000008008dc8                IRON::IRON()
                0x0000000008008dc8                IRON::IRON()
 .text._ZN6BUZZERC2Ev
                0x0000000008008e94       0x64 .pio/build/f446re_rework/src/Src/core.o
                0x0000000008008e94                BUZZER::BUZZER()
                0x0000000008008e94                BUZZER::BUZZER()
 .text._ZN10s_lang_cfgD2Ev
                0x0000000008008ef8       0x1c .pio/build/f446re_rework/src/Src/core.o
                0x0000000008008ef8                s_lang_cfg::~s_lang_cfg()
                0x0000000008008ef8                s_lang_cfg::~s_lang_cfg()
 .text._ZN4MODEC2EP2HW
                0x0000000008008f14       0x1c .pio/build/f446re_rework/src/Src/core.o
                0x0000000008008f14                MODE::MODE(HW*)
                0x0000000008008f14                MODE::MODE(HW*)
 .text._Z8isACsinev
                0x0000000008008f30        0xc .pio/build/f446re_rework/src/Src/core.o
                0x0000000008008f30                isACsine()
 .text._Z10gtimPeriodv
                0x0000000008008f3c       0x10 .pio/build/f446re_rework/src/Src/core.o
                0x0000000008008f3c                gtimPeriod()
 .text.setup    0x0000000008008f4c      0x34c .pio/build/f446re_rework/src/Src/core.o
                0x0000000008008f4c                setup
 .text.loop     0x0000000008009298      0x1b4 .pio/build/f446re_rework/src/Src/core.o
                0x0000000008009298                loop
 .text.HAL_TIM_OC_DelayElapsedCallback
                0x000000000800944c       0x84 .pio/build/f446re_rework/src/Src/core.o
                0x000000000800944c                HAL_TIM_OC_DelayElapsedCallback
 .text.HAL_ADC_ConvCpltCallback
                0x00000000080094d0      0x174 .pio/build/f446re_rework/src/Src/core.o
                0x00000000080094d0                HAL_ADC_ConvCpltCallback
 .text.HAL_TIM_PeriodElapsedCallback
                0x0000000008009644       0x64 .pio/build/f446re_rework/src/Src/core.o
                0x0000000008009644                HAL_TIM_PeriodElapsedCallback
 .text.HAL_TIM_PWM_PulseFinishedHalfCpltCallback
                0x00000000080096a8       0x4c .pio/build/f446re_rework/src/Src/core.o
                0x00000000080096a8                HAL_TIM_PWM_PulseFinishedHalfCpltCallback
 .text.HAL_TIM_PWM_PulseFinishedCallback
                0x00000000080096f4       0x48 .pio/build/f446re_rework/src/Src/core.o
                0x00000000080096f4                HAL_TIM_PWM_PulseFinishedCallback
 .text.HAL_ADC_ErrorCallback
                0x000000000800973c        0x2 .pio/build/f446re_rework/src/Src/core.o
                0x000000000800973c                HAL_ADC_ErrorCallback
 .text._ZNSt11_Deque_baseINSt7__cxx1112basic_stringIcSt11char_traitsIcESaIcEEESaIS5_EED2Ev
                0x000000000800973e       0x26 .pio/build/f446re_rework/src/Src/core.o
                0x000000000800973e                std::_Deque_base<std::__cxx11::basic_string<char, std::char_traits<char>, std::allocator<char> >, std::allocator<std::__cxx11::basic_string<char, std::char_traits<char>, std::allocator<char> > > >::~_Deque_base()
                0x000000000800973e                std::_Deque_base<std::__cxx11::basic_string<char, std::char_traits<char>, std::allocator<char> >, std::allocator<std::__cxx11::basic_string<char, std::char_traits<char>, std::allocator<char> > > >::~_Deque_base()
 .text._ZNSt11_Deque_baseINSt7__cxx1112basic_stringIcSt11char_traitsIcESaIcEEESaIS5_EEC2Ev
                0x0000000008009764       0x54 .pio/build/f446re_rework/src/Src/core.o
                0x0000000008009764                std::_Deque_base<std::__cxx11::basic_string<char, std::char_traits<char>, std::allocator<char> >, std::allocator<std::__cxx11::basic_string<char, std::char_traits<char>, std::allocator<char> > > >::_Deque_base()
                0x0000000008009764                std::_Deque_base<std::__cxx11::basic_string<char, std::char_traits<char>, std::allocator<char> >, std::allocator<std::__cxx11::basic_string<char, std::char_traits<char>, std::allocator<char> > > >::_Deque_base()
 .text._ZN13JSON_LANG_CFGC2Ev
                0x00000000080097b8       0x60 .pio/build/f446re_rework/src/Src/core.o
                0x00000000080097b8                JSON_LANG_CFG::JSON_LANG_CFG()
                0x00000000080097b8                JSON_LANG_CFG::JSON_LANG_CFG()
 .text._ZN2HWC2Ev
                0x0000000008009818     0x11a4 .pio/build/f446re_rework/src/Src/core.o
                0x0000000008009818                HW::HW()
                0x0000000008009818                HW::HW()
 .text._ZNSt12_Destroy_auxILb0EE9__destroyIPNSt7__cxx1112basic_stringIcSt11char_traitsIcESaIcEEEEEvT_S9_
                0x000000000800a9bc       0x16 .pio/build/f446re_rework/src/Src/core.o
                0x000000000800a9bc                void std::_Destroy_aux<false>::__destroy<std::__cxx11::basic_string<char, std::char_traits<char>, std::allocator<char> >*>(std::__cxx11::basic_string<char, std::char_traits<char>, std::allocator<char> >*, std::__cxx11::basic_string<char, std::char_traits<char>, std::allocator<char> >*)
 *fill*         0x000000000800a9d2        0x2 
 .text._ZN6FDEBUGD2Ev
                0x000000000800a9d4       0x28 .pio/build/f446re_rework/src/Src/core.o
                0x000000000800a9d4                FDEBUG::~FDEBUG()
                0x000000000800a9d4                FDEBUG::~FDEBUG()
 .text._ZNSt5dequeINSt7__cxx1112basic_stringIcSt11char_traitsIcESaIcEEESaIS5_EED2Ev
                0x000000000800a9fc       0x50 .pio/build/f446re_rework/src/Src/core.o
                0x000000000800a9fc                std::deque<std::__cxx11::basic_string<char, std::char_traits<char>, std::allocator<char> >, std::allocator<std::__cxx11::basic_string<char, std::char_traits<char>, std::allocator<char> > > >::~deque()
                0x000000000800a9fc                std::deque<std::__cxx11::basic_string<char, std::char_traits<char>, std::allocator<char> >, std::allocator<std::__cxx11::basic_string<char, std::char_traits<char>, std::allocator<char> > > >::~deque()
 .text._ZN11FILE_PARSERD2Ev
                0x000000000800aa4c       0x24 .pio/build/f446re_rework/src/Src/core.o
                0x000000000800aa4c                FILE_PARSER::~FILE_PARSER()
                0x000000000800aa4c                FILE_PARSER::~FILE_PARSER()
 .text._ZN11FILE_PARSERD0Ev
                0x000000000800aa70       0x14 .pio/build/f446re_rework/src/Src/core.o
                0x000000000800aa70                FILE_PARSER::~FILE_PARSER()
 .text._ZN5MWORKD0Ev
                0x000000000800aa84        0xe .pio/build/f446re_rework/src/Src/core.o
                0x000000000800aa84                MWORK::~MWORK()
 .text._ZN5MSLCTD0Ev
                0x000000000800aa92        0xe .pio/build/f446re_rework/src/Src/core.o
                0x000000000800aa92                MSLCT::~MSLCT()
 .text._ZN5MTACTD0Ev
                0x000000000800aaa0        0xe .pio/build/f446re_rework/src/Src/core.o
                0x000000000800aaa0                MTACT::~MTACT()
 .text._ZN6MCALIBD0Ev
                0x000000000800aaae        0xe .pio/build/f446re_rework/src/Src/core.o
                0x000000000800aaae                MCALIB::~MCALIB()
 .text._ZN13MCALIB_MANUALD0Ev
                0x000000000800aabc        0xe .pio/build/f446re_rework/src/Src/core.o
                0x000000000800aabc                MCALIB_MANUAL::~MCALIB_MANUAL()
 .text._ZN8MCALMENUD0Ev
                0x000000000800aaca        0xe .pio/build/f446re_rework/src/Src/core.o
                0x000000000800aaca                MCALMENU::~MCALMENU()
 .text._ZN5MFAILD0Ev
                0x000000000800aad8        0xe .pio/build/f446re_rework/src/Src/core.o
                0x000000000800aad8                MFAIL::~MFAIL()
 .text._ZN5MTPIDD0Ev
                0x000000000800aae6        0xe .pio/build/f446re_rework/src/Src/core.o
                0x000000000800aae6                MTPID::~MTPID()
 .text._ZN8MAUTOPIDD0Ev
                0x000000000800aaf4        0xe .pio/build/f446re_rework/src/Src/core.o
                0x000000000800aaf4                MAUTOPID::~MAUTOPID()
 .text._ZN8MENU_PIDD0Ev
                0x000000000800ab02        0xe .pio/build/f446re_rework/src/Src/core.o
                0x000000000800ab02                MENU_PID::~MENU_PID()
 .text._ZN6FDEBUGD0Ev
                0x000000000800ab10       0x14 .pio/build/f446re_rework/src/Src/core.o
                0x000000000800ab10                FDEBUG::~FDEBUG()
 .text._ZN6MABOUTD0Ev
                0x000000000800ab24        0xe .pio/build/f446re_rework/src/Src/core.o
                0x000000000800ab24                MABOUT::~MABOUT()
 .text._ZN6MDEBUGD0Ev
                0x000000000800ab32        0xe .pio/build/f446re_rework/src/Src/core.o
                0x000000000800ab32                MDEBUG::~MDEBUG()
 .text._ZN7FFORMATD0Ev
                0x000000000800ab40        0xe .pio/build/f446re_rework/src/Src/core.o
                0x000000000800ab40                FFORMAT::~FFORMAT()
 .text._ZN6MSETUPD0Ev
                0x000000000800ab4e        0xe .pio/build/f446re_rework/src/Src/core.o
                0x000000000800ab4e                MSETUP::~MSETUP()
 .text._ZN8MENU_T12D0Ev
                0x000000000800ab5c        0xe .pio/build/f446re_rework/src/Src/core.o
                0x000000000800ab5c                MENU_T12::~MENU_T12()
 .text._ZN8MENU_JBCD0Ev
                0x000000000800ab6a        0xe .pio/build/f446re_rework/src/Src/core.o
                0x000000000800ab6a                MENU_JBC::~MENU_JBC()
 .text._ZN8MENU_GUND0Ev
                0x000000000800ab78        0xe .pio/build/f446re_rework/src/Src/core.o
                0x000000000800ab78                MENU_GUN::~MENU_GUN()
 .text._ZN5MMENUD0Ev
                0x000000000800ab86        0xe .pio/build/f446re_rework/src/Src/core.o
                0x000000000800ab86                MMENU::~MMENU()
 .text._ZN13JSON_LANG_CFGD2Ev
                0x000000000800ab94       0x3c .pio/build/f446re_rework/src/Src/core.o
                0x000000000800ab94                JSON_LANG_CFG::~JSON_LANG_CFG()
                0x000000000800ab94                JSON_LANG_CFG::~JSON_LANG_CFG()
 .text._ZN10MENU_FLASHD2Ev
                0x000000000800abd0       0x1c .pio/build/f446re_rework/src/Src/core.o
                0x000000000800abd0                MENU_FLASH::~MENU_FLASH()
                0x000000000800abd0                MENU_FLASH::~MENU_FLASH()
 .text._ZN10MENU_FLASHD0Ev
                0x000000000800abec       0x16 .pio/build/f446re_rework/src/Src/core.o
                0x000000000800abec                MENU_FLASH::~MENU_FLASH()
 *fill*         0x000000000800ac02        0x2 
 .text._ZN2HWD2Ev
                0x000000000800ac04       0x34 .pio/build/f446re_rework/src/Src/core.o
                0x000000000800ac04                HW::~HW()
                0x000000000800ac04                HW::~HW()
 .text._ZN13JSON_LANG_CFGD0Ev
                0x000000000800ac38       0x14 .pio/build/f446re_rework/src/Src/core.o
                0x000000000800ac38                JSON_LANG_CFG::~JSON_LANG_CFG()
 .text.startup._GLOBAL__sub_I__Z8isACsinev
                0x000000000800ac4c      0x610 .pio/build/f446re_rework/src/Src/core.o
 .text._ZN4DASH4initEv
                0x000000000800b25c       0x82 .pio/build/f446re_rework/src/Src/dash.o
                0x000000000800b25c                DASH::init()
 .text._ZN4IRON4isOnEv
                0x000000000800b2de       0x18 .pio/build/f446re_rework/src/Src/dash.o
                0x000000000800b2de                IRON::isOn()
 .text._ZN4DASH10drawStatusE10tIronPhaseS0_s
                0x000000000800b2f6      0x39c .pio/build/f446re_rework/src/Src/dash.o
                0x000000000800b2f6                DASH::drawStatus(tIronPhase, tIronPhase, short)
 .text._ZN4DASH10animateFanEv
                0x000000000800b692       0x6c .pio/build/f446re_rework/src/Src/dash.o
                0x000000000800b692                DASH::animateFan()
 .text._ZN4DASH12initEncodersE7tDeviceS0_st
                0x000000000800b6fe       0xc6 .pio/build/f446re_rework/src/Src/dash.o
                0x000000000800b6fe                DASH::initEncoders(tDevice, tDevice, short, unsigned short)
 .text._ZN4DASH11initDevicesEbb
                0x000000000800b7c4      0x1f8 .pio/build/f446re_rework/src/Src/dash.o
                0x000000000800b7c4                DASH::initDevices(bool, bool)
 .text._ZN4DASH7setModeE9tDashMode
                0x000000000800b9bc       0x74 .pio/build/f446re_rework/src/Src/dash.o
                0x000000000800b9bc                DASH::setMode(tDashMode)
 .text._ZN4DASH9enableJBCEv
                0x000000000800ba30       0x32 .pio/build/f446re_rework/src/Src/dash.o
                0x000000000800ba30                DASH::enableJBC()
 .text._ZN4DASH10disableJBCEv
                0x000000000800ba62       0x38 .pio/build/f446re_rework/src/Src/dash.o
                0x000000000800ba62                DASH::disableJBC()
 .text._ZN4DASH9enableGUNEv
                0x000000000800ba9a       0x40 .pio/build/f446re_rework/src/Src/dash.o
                0x000000000800ba9a                DASH::enableGUN()
 .text._ZN4DASH10disableGUNEv
                0x000000000800bada       0x3e .pio/build/f446re_rework/src/Src/dash.o
                0x000000000800bada                DASH::disableGUN()
 .text._ZN4DASH9enableT12Ev
                0x000000000800bb18       0x3a .pio/build/f446re_rework/src/Src/dash.o
                0x000000000800bb18                DASH::enableT12()
 .text._ZN4DASH10disableT12Ev
                0x000000000800bb52       0x24 .pio/build/f446re_rework/src/Src/dash.o
                0x000000000800bb52                DASH::disableT12()
 .text._ZN4DASH6devPosE7tDevice
                0x000000000800bb76       0x1a .pio/build/f446re_rework/src/Src/dash.o
                0x000000000800bb76                DASH::devPos(tDevice)
 .text._ZN4DASH11ironT12UsedEb
                0x000000000800bb90       0x20 .pio/build/f446re_rework/src/Src/dash.o
                0x000000000800bb90                DASH::ironT12Used(bool)
 .text._ZN4DASH9ironPhaseE7tDevice10tIronPhase
                0x000000000800bbb0       0x6a .pio/build/f446re_rework/src/Src/dash.o
                0x000000000800bbb0                DASH::ironPhase(tDevice, tIronPhase)
 .text._ZN4DASH10presetTempE7tDevicet
                0x000000000800bc1a       0x24 .pio/build/f446re_rework/src/Src/dash.o
                0x000000000800bc1a                DASH::presetTemp(tDevice, unsigned short)
 .text._ZN4DASH8fanSpeedEb
                0x000000000800bc3e       0x2c .pio/build/f446re_rework/src/Src/dash.o
                0x000000000800bc3e                DASH::fanSpeed(bool)
 .text._ZN4DASH10gunStandbyEv
                0x000000000800bc6a       0x16 .pio/build/f446re_rework/src/Src/dash.o
                0x000000000800bc6a                DASH::gunStandby()
 .text._ZN6BITMAP5widthEv
                0x000000000800bc80        0x8 .pio/build/f446re_rework/src/Src/display.o
                0x000000000800bc80                BITMAP::width()
 .text._ZN6BITMAP6heightEv
                0x000000000800bc88        0x8 .pio/build/f446re_rework/src/Src/display.o
                0x000000000800bc88                BITMAP::height()
 .text._ZN3tft10drawBitmapEttR6BITMAPtt.isra.14
                0x000000000800bc90       0x3c .pio/build/f446re_rework/src/Src/display.o
 .text._ZN7u8gFont7drawStrEttPKct
                0x000000000800bccc        0xe .pio/build/f446re_rework/src/Src/display.o
                0x000000000800bccc                u8gFont::drawStr(unsigned short, unsigned short, char const*, unsigned short)
 .text._ZN7u8gFont11strToBitmapER6BITMAPPKc8BM_ALIGNtb
                0x000000000800bcda       0x32 .pio/build/f446re_rework/src/Src/display.o
                0x000000000800bcda                u8gFont::strToBitmap(BITMAP&, char const*, BM_ALIGN, unsigned short, bool)
 .text._ZN4BRGT6adjustEv
                0x000000000800bd0c       0x40 .pio/build/f446re_rework/src/Src/display.o
                0x000000000800bd0c                BRGT::adjust()
 .text._ZN4DSPL13setLetterFontEPh
                0x000000000800bd4c       0x58 .pio/build/f446re_rework/src/Src/display.o
                0x000000000800bd4c                DSPL::setLetterFont(unsigned char*)
 .text._ZN4DSPL5clearEv
                0x000000000800bda4       0x1c .pio/build/f446re_rework/src/Src/display.o
                0x000000000800bda4                DSPL::clear()
 .text._ZN4DSPL13drawTempGaugeEs8tUnitPosb
                0x000000000800bdc0      0x13c .pio/build/f446re_rework/src/Src/display.o
                0x000000000800bdc0                DSPL::drawTempGauge(short, tUnitPos, bool)
 .text._ZN4DSPL8drawTempEt8tUnitPosm
                0x000000000800befc       0xbc .pio/build/f446re_rework/src/Src/display.o
                0x000000000800befc                DSPL::drawTemp(unsigned short, tUnitPos, unsigned long)
 .text._ZN4DSPL18animateTempCoolingEtb8tUnitPos
                0x000000000800bfb8       0x48 .pio/build/f446re_rework/src/Src/display.o
                0x000000000800bfb8                DSPL::animateTempCooling(unsigned short, bool, tUnitPos)
 .text._ZN4DSPL11drawTipNameENSt7__cxx1112basic_stringIcSt11char_traitsIcESaIcEEEb8tUnitPos
                0x000000000800c000       0xe0 .pio/build/f446re_rework/src/Src/display.o
                0x000000000800c000                DSPL::drawTipName(std::__cxx11::basic_string<char, std::char_traits<char>, std::allocator<char> >, bool, tUnitPos)
 .text._ZN4DSPL11drawFanPcntEhb
                0x000000000800c0e0       0xcc .pio/build/f446re_rework/src/Src/display.o
                0x000000000800c0e0                DSPL::drawFanPcnt(unsigned char, bool)
 .text._ZN4DSPL11drawAmbientEsb
                0x000000000800c1ac      0x118 .pio/build/f446re_rework/src/Src/display.o
                0x000000000800c1ac                DSPL::drawAmbient(short, bool)
 .text._ZN4DSPL14drawGunStandbyEv
                0x000000000800c2c4       0x68 .pio/build/f446re_rework/src/Src/display.o
                0x000000000800c2c4                DSPL::drawGunStandby()
 .text._ZN4DSPL9drawPowerEh8tUnitPos
                0x000000000800c32c       0x68 .pio/build/f446re_rework/src/Src/display.o
                0x000000000800c32c                DSPL::drawPower(unsigned char, tUnitPos)
 .text._ZN4DSPL10animateFanEs
                0x000000000800c394       0x68 .pio/build/f446re_rework/src/Src/display.o
                0x000000000800c394                DSPL::animateFan(short)
 .text._ZN4DSPL7stopFanEv
                0x000000000800c3fc       0x3c .pio/build/f446re_rework/src/Src/display.o
                0x000000000800c3fc                DSPL::stopFan()
 .text._ZN4DSPL5noFanEv
                0x000000000800c438       0x20 .pio/build/f446re_rework/src/Src/display.o
                0x000000000800c438                DSPL::noFan()
 .text._ZN4DSPL10ironActiveEb8tUnitPos
                0x000000000800c458       0x4c .pio/build/f446re_rework/src/Src/display.o
                0x000000000800c458                DSPL::ironActive(bool, tUnitPos)
 .text._ZN4DSPL15drawTitleStringEPKc
                0x000000000800c4a4       0x6c .pio/build/f446re_rework/src/Src/display.o
                0x000000000800c4a4                DSPL::drawTitleString(char const*)
 .text._ZN4DSPL9drawTitleE5e_msg
                0x000000000800c510       0x16 .pio/build/f446re_rework/src/Src/display.o
                0x000000000800c510                DSPL::drawTitle(e_msg)
 .text._ZN4DSPL10statusIconEPKhtt8tUnitPos
                0x000000000800c526       0x58 .pio/build/f446re_rework/src/Src/display.o
                0x000000000800c526                DSPL::statusIcon(unsigned char const*, unsigned short, unsigned short, tUnitPos)
 *fill*         0x000000000800c57e        0x2 
 .text._ZN4DSPL6msgOFFE8tUnitPos
                0x000000000800c580       0x1c .pio/build/f446re_rework/src/Src/display.o
                0x000000000800c580                DSPL::msgOFF(tUnitPos)
 .text._ZN4DSPL5msgONE8tUnitPos
                0x000000000800c59c       0x1c .pio/build/f446re_rework/src/Src/display.o
                0x000000000800c59c                DSPL::msgON(tUnitPos)
 .text._ZN4DSPL9msgNormalE8tUnitPos
                0x000000000800c5b8       0x1c .pio/build/f446re_rework/src/Src/display.o
                0x000000000800c5b8                DSPL::msgNormal(tUnitPos)
 .text._ZN4DSPL7msgColdE8tUnitPos
                0x000000000800c5d4       0x1c .pio/build/f446re_rework/src/Src/display.o
                0x000000000800c5d4                DSPL::msgCold(tUnitPos)
 .text._ZN4DSPL8msgReadyE8tUnitPos
                0x000000000800c5f0       0x1c .pio/build/f446re_rework/src/Src/display.o
                0x000000000800c5f0                DSPL::msgReady(tUnitPos)
 .text._ZN4DSPL7msgIdleE8tUnitPos
                0x000000000800c60c       0x1c .pio/build/f446re_rework/src/Src/display.o